******************************************************************************
                  TI ARM Linker PC v20.2.7                     
******************************************************************************
>> Linked Sat Feb 21 01:27:48 2026

OUTPUT FILE NAME:   <tms570_adc_test.out>
ENTRY POINT SYMBOL: "_c_int00"  address: 000087d0


MEMORY CONFIGURATION

         name            origin    length      used     unused   attr    fill
----------------------  --------  ---------  --------  --------  ----  --------
  VECTORS               00000000   00000020  00000020  00000000     X
  FLASH0                00000020   0013ffe0  00009844  0013679c  R  X
  STACKS                08000000   00001500  00000000  00001500  RW  
  RAM                   08001500   0002eb00  000000d1  0002ea2f  RW  


SEGMENT ALLOCATION MAP

run origin  load origin   length   init length attrs members
----------  ----------- ---------- ----------- ----- -------
00000000    00000000    00009868   00009868    r-x
  00000000    00000000    00000020   00000020    r-x .intvecs
  00000020    00000020    000095e4   000095e4    r-x .text
  00009604    00009604    00000230   00000230    r-- .const
  00009838    00009838    00000030   00000030    r-- .cinit
08001500    08001500    000000d1   00000000    rw-
  08001500    08001500    000000cc   00000000    rw- .bss
  080015cc    080015cc    00000005   00000000    rw- .data


SECTION ALLOCATION MAP

 output                                  attributes/
section   page    origin      length       input sections
--------  ----  ----------  ----------   ----------------
.intvecs   0    00000000    00000020     
                  00000000    00000020     sys_intvecs.obj (.intvecs)

.text      0    00000020    000095e4     
                  00000020    00002cdc     sys_selftest.obj (.text)
                  00002cfc    00000b64     system.obj (.text)
                  00003860    00000aec     adc.obj (.text)
                  0000434c    00000a54     sys_vim.obj (.text)
                  00004da0    000008b4     pinmux.obj (.text)
                  00005654    000007a8     sci.obj (.text)
                  00005dfc    000006a0     sys_dma.obj (.text)
                  0000649c    00000664     errata_SSWF021_45.obj (.text)
                  00006b00    00000638     rti.obj (.text)
                  00007138    000005bc     esm.obj (.text)
                  000076f4    00000484     gio.obj (.text)
                  00007b78    00000388     io_driver.obj (.text)
                  00007f00    0000034c     sys_core.obj (.text)
                  0000824c    000002cc     sys_vim.obj (.text:retain)
                  00008518    000002b8     sensors.obj (.text)
                  000087d0    00000288     sys_startup.obj (.text:retain)
                  00008a58    00000204     sci.obj (.text:retain)
                  00008c5c    00000124     rti.obj (.text:retain)
                  00008d80    00000114     esm.obj (.text:retain)
                  00008e94    00000104     sys_main.obj (.text)
                  00008f98    000000e8     dabort.obj (.text)
                  00009080    000000e0     rtsv7R4_T_be_v3D16_eabi.lib : s_floor.c.obj (.text:floor)
                  00009160    000000e0     sys_pmu.obj (.text)
                  00009240    000000b8     notification.obj (.text)
                  000092f8    000000a4     adc.obj (.text:retain)
                  0000939c    0000009c     rtsv7R4_T_be_v3D16_eabi.lib : memcpy_t2.asm.obj (.text)
                  00009438    0000007a                                 : memset_t2.asm.obj (.text)
                  000094b2    0000006c                                 : copy_decompress_lzss.c.obj (.text:decompress:lzss:__TI_decompress_lzss)
                  0000951e    00000002     --HOLE-- [fill = 0]
                  00009520    00000068     sys_dma.obj (.text:retain)
                  00009588    00000044     rtsv7R4_T_be_v3D16_eabi.lib : autoinit.c.obj (.text:__TI_auto_init_nobinit_nopinit:__TI_auto_init_nobinit_nopinit)
                  000095cc    0000001c                                 : copy_zero_init.c.obj (.text:decompress:ZI:__TI_zero_init_nomemset:__TI_zero_init_nomemset)
                  000095e8    0000000e                                 : copy_decompress_none.c.obj (.text:decompress:none:__TI_decompress_none)
                  000095f6    00000004                                 : exit.c.obj (.text:abort:abort)
                  000095fa    00000002     --HOLE-- [fill = 0]
                  000095fc    00000004     sys_phantom.obj (.text:retain)
                  00009600    00000004     sys_startup.obj (.text)

.const     0    00009604    00000230     
                  00009604    00000200     sys_vim.obj (.const:s_vim_init)
                  00009804    00000018     adc.obj (.const:s_adcFiFoSize)
                  0000981c    00000018     adc.obj (.const:s_adcSelect)

.cinit     0    00009838    00000030     
                  00009838    0000000c     (__TI_handler_table)
                  00009844    00000004     --HOLE-- [fill = 0]
                  00009848    00000008     (.cinit..bss.load) [load image, compression = zero_init]
                  00009850    00000007     (.cinit..data.load) [load image, compression = lzss]
                  00009857    00000001     --HOLE-- [fill = 0]
                  00009858    00000010     (__TI_cinit_table)

.bss       0    08001500    000000cc     UNINITIALIZED
                  08001500    00000044     (.common:g_dmaCTRLPKT)
                  08001544    00000040     (.common:adc_data)
                  08001584    00000028     sci.obj (.bss:g_sciTransfer_t)
                  080015ac    00000020     (.common:adc_dma_buffer)

.data      0    080015cc    00000005     UNINITIALIZED
                  080015cc    00000004     sys_main.obj (.data)
                  080015d0    00000001     sensors.obj (.data)

__llvm_prf_cnts 
*          0    08001500    00000000     UNINITIALIZED

MODULE SUMMARY

       Module                       code    ro data   rw data
       ------                       ----    -------   -------
    .\source\
       sys_selftest.obj             11484   0         0      
       sys_vim.obj                  3360    512       0      
       adc.obj                      2960    48        0      
       system.obj                   2916    0         0      
       sci.obj                      2476    0         40     
       pinmux.obj                   2228    0         0      
       rti.obj                      1884    0         0      
       sys_dma.obj                  1800    0         0      
       esm.obj                      1744    0         0      
       errata_SSWF021_45.obj        1636    0         0      
       gio.obj                      1156    0         0      
       io_driver.obj                904     0         0      
       sensors.obj                  696     0         165    
       sys_core.obj                 844     0         0      
       sys_startup.obj              652     0         0      
       sys_main.obj                 260     0         4      
       dabort.obj                   232     0         0      
       sys_pmu.obj                  224     0         0      
       notification.obj             184     0         0      
       sys_intvecs.obj              32      0         0      
       sys_phantom.obj              4       0         0      
    +--+----------------------------+-------+---------+---------+
       Total:                       37676   560       209    
                                                             
    C:/ti/ccs1281/ccs/tools/compiler/ti-cgt-arm_20.2.7.LTS/lib/rtsv7R4_T_be_v3D16_eabi.lib
       s_floor.c.obj                224     0         0      
       memcpy_t2.asm.obj            156     0         0      
       memset_t2.asm.obj            122     0         0      
       copy_decompress_lzss.c.obj   108     0         0      
       autoinit.c.obj               68      0         0      
       copy_zero_init.c.obj         28      0         0      
       copy_decompress_none.c.obj   14      0         0      
       exit.c.obj                   4       0         0      
    +--+----------------------------+-------+---------+---------+
       Total:                       724     0         0      
                                                             
       Linker Generated:            0       43        0      
    +--+----------------------------+-------+---------+---------+
       Grand Total:                 38400   603       209    


LINKER GENERATED COPY TABLES

__TI_cinit_table @ 00009858 records: 2, size/record: 8, table size: 16
	.bss: load addr=00009848, load size=00000008 bytes, run addr=08001500, run size=000000cc bytes, compression=zero_init
	.data: load addr=00009850, load size=00000007 bytes, run addr=080015cc, run size=00000005 bytes, compression=lzss


LINKER GENERATED HANDLER TABLE

__TI_handler_table @ 00009838 records: 3, size/record: 4, table size: 12
	index: 0, handler: __TI_zero_init
	index: 1, handler: __TI_decompress_lzss
	index: 2, handler: __TI_decompress_none


GLOBAL SYMBOLS: SORTED ALPHABETICALLY BY Name 

address   name                                
-------   ----                                
000095f7  C$$EXIT                             
00006e6c  IsdwdKeySequenceCorrect             
UNDEFED   SHT$$INIT_ARRAY$$Base               
UNDEFED   SHT$$INIT_ARRAY$$Limit              
00009858  __TI_CINIT_Base                     
00009868  __TI_CINIT_Limit                    
00009838  __TI_Handler_Table_Base             
00009844  __TI_Handler_Table_Limit            
00008244  __TI_PINIT_Base                     
00008248  __TI_PINIT_Limit                    
00009589  __TI_auto_init_nobinit_nopinit      
000094b3  __TI_decompress_lzss                
000095e9  __TI_decompress_none                
ffffffff  __TI_pprof_out_hndl                 
ffffffff  __TI_prof_data_size                 
ffffffff  __TI_prof_data_start                
00000000  __TI_static_base__                  
000095cd  __TI_zero_init_nomemset             
00009439  __aeabi_memclr                      
00009439  __aeabi_memclr4                     
00009439  __aeabi_memclr8                     
0000939d  __aeabi_memcpy                      
0000939d  __aeabi_memcpy4                     
0000939d  __aeabi_memcpy8                     
0000943b  __aeabi_memset                      
0000943b  __aeabi_memset4                     
0000943b  __aeabi_memset8                     
ffffffff  __binit__                           
ffffffff  __c_args__                          
08001500  __start___llvm_prf_cnts             
08001500  __stop___llvm_prf_cnts              
000087d0  _c_int00                            
0000815c  _coreClearAuxiliaryDataFault_       
00008170  _coreClearAuxiliaryInstructionFault_
00008134  _coreClearDataFaultAddress_         
0000810c  _coreClearDataFault_                
00008148  _coreClearInstructionFaultAddress_  
00008120  _coreClearInstructionFault_         
000080a0  _coreDisableEventBusExport_         
000080e4  _coreDisableFlashEcc_               
000080c0  _coreDisableRamEcc_                 
00008090  _coreEnableEventBusExport_          
000080d0  _coreEnableFlashEcc_                
000080f4  _coreEnableIrqVicOffset_            
000080b0  _coreEnableRamEcc_                  
00008078  _coreEnableVfp_                     
00008154  _coreGetAuxiliaryDataFault_         
00008168  _coreGetAuxiliaryInstructionFault_  
0000812c  _coreGetDataFaultAddress_           
00008104  _coreGetDataFault_                  
00008140  _coreGetInstructionFaultAddress_    
00008118  _coreGetInstructionFault_           
00007f00  _coreInitRegisters_                 
0000800c  _coreInitStackPointer_              
00008f98  _dabort                             
00008184  _disable_FIQ_interrupt_             
0000818c  _disable_IRQ_interrupt_             
0000817c  _disable_interrupt_                 
00008194  _enable_interrupt_                  
00008224  _errata_CORTEXR4_57_                
00008234  _errata_CORTEXR4_66_                
0000649c  _errata_SSWF021_45_both_plls        
00006690  _errata_SSWF021_45_pll1             
00006808  _errata_SSWF021_45_pll2             
0000819c  _esmCcmErrorsClear_                 
00008058  _getCPSRValue_                      
00008060  _gotoCPUIdle_                       
000091bc  _pmuDisableCountersGlobal_          
000091ac  _pmuEnableCountersGlobal_           
00009218  _pmuGetCycleCount_                  
00009220  _pmuGetEventCount_                  
0000922c  _pmuGetOverflow_                    
00009160  _pmuInit_                           
000091ec  _pmuResetCounters_                  
000091cc  _pmuResetCycleCounter_              
000091dc  _pmuResetEventCounters_             
0000920c  _pmuSetCountEvent_                  
000091fc  _pmuStartCounters_                  
00009204  _pmuStopCounters_                   
UNDEFED   _system_post_cinit                  
000095f7  abort                               
000040dc  adc1GetConfigValue                  
000092f8  adc1Group0Interrupt                 
00009344  adc1Group1Interrupt                 
0000126c  adc1ParityCheck                     
00001358  adc2ParityCheck                     
00003cb8  adcCalibration                      
00008640  adcConfig_Event_DMA                 
0000407c  adcDisableNotification              
0000402c  adcEnableNotification               
00003a90  adcGetData                          
000040c4  adcGetEVTPin                        
00003860  adcInit                             
00003c88  adcIsConversionComplete             
00003c58  adcIsFifoFull                       
00003e90  adcMidPointCalibration              
000092a8  adcNotification                     
00003a68  adcResetFiFo                        
000040a4  adcSetEVTPin                        
000039bc  adcStartConversion                  
00003a40  adcStopConversion                   
08001544  adc_data                            
080015ac  adc_dma_buffer                      
ffffffff  binit                               
00001410  can1ParityCheck                     
000014e8  can2ParityCheck                     
000015b0  can3ParityCheck                     
00000030  ccmSelfCheck                        
000026fc  ccmr4GetConfigValue                 
00000938  checkB0RAMECC                       
00000b28  checkB1RAMECC                       
00001c18  checkClockMonitor                   
00000d18  checkFlashECC                       
00001cf4  checkFlashEEPROMECC                 
00001e8c  checkPLL1Slip                       
00001f8c  checkPLL2Slip                       
00002050  checkRAMAddrParity                  
000019d0  checkRAMECC                         
0000215c  checkRAMUERRTest                    
000007bc  checkefcSelfTest                    
080015d0  conversion_complete                 
00000234  cpuSelfTest                         
00000dfc  cpuSelfTestFail                     
00003784  customTrimLPO                       
00000df4  custom_dabort                       
00008f04  delay_ticks                         
00002b58  disableParity                       
00008518  dmaConfig_ADC_Event                 
000061ec  dmaDefineRegion                     
00005e1c  dmaDisable                          
0000614c  dmaDisableInterrupt                 
00006300  dmaDisableParityCheck               
000062c4  dmaDisableRegion                    
00005dfc  dmaEnable                           
00006098  dmaEnableInterrupt                  
000062f0  dmaEnableParityCheck                
00006228  dmaEnableRegion                     
00009520  dmaFTCAInterrupt                    
00006310  dmaGetConfigValue                   
00005e90  dmaGetReq                           
00008734  dmaGroupANotification               
00000eac  dmaParityCheck                      
00005e3c  dmaReqAssign                        
00005ff0  dmaSetChEnable                      
00005ec8  dmaSetCtrlPacket                    
0000604c  dmaSetPriority                      
00006ed4  dwdClearFlag                        
00006e08  dwdCounterEnable                    
00006e50  dwdGenerateSysReset                 
00006ea0  dwdGetStatus                        
00006ee4  dwdGetViolationStatus               
00006d8c  dwdInit                             
00006e34  dwdReset                            
00006e18  dwdSetPreload                       
00006dfc  dwwdGetCurrentDownCounter           
00006db4  dwwdInit                            
00007b78  ecu_io_init                         
00007c10  ecu_io_read_input                   
00007e54  ecu_io_toggle_output                
00007d64  ecu_io_write_output                 
00000660  efcCheck                            
00002660  efcGetConfigValue                   
00000794  efcSelfTest                         
000006e8  efcStuckZeroTest                    
00002ad0  enableParity                        
0000276c  errata_PBIST_4                      
000072bc  esmActivateNormalOperation          
00007390  esmClearStatus                      
000073d0  esmClearStatusBuffer                
00007284  esmDisableError                     
000072f4  esmDisableInterrupt                 
0000725c  esmEnableError                      
000072cc  esmEnableInterrupt                  
000074c8  esmEnterSelfTest                    
00007240  esmError                            
000075a0  esmGetConfigValue                   
0000740c  esmGetStatus                        
00007490  esmGetStatusBuffer                  
00009240  esmGroup1Notification               
00009250  esmGroup2Notification               
00008d80  esmHighInterrupt                    
00007138  esmInit                             
00007550  esmSelfTestStatus                   
000073ec  esmSetCounterPreloadValue           
0000731c  esmSetInterruptLevel                
000072ac  esmTriggerErrorPinReset             
00009081  floor                               
00009081  floorl                              
000022c4  fmcBus1ParityCheck                  
0000085c  fmcBus2Check                        
00000898  fmcECCcheck                         
08001500  g_dmaCTRLPKT                        
00007954  gioDisableNotification              
000078ec  gioEnableNotification               
00007854  gioGetBit                           
000079bc  gioGetConfigValue                   
0000787c  gioGetPort                          
000076f4  gioInit                             
000092bc  gioNotification                     
000077e4  gioSetBit                           
000077c4  gioSetDirection                     
00007834  gioSetPort                          
00007894  gioToggleBit                        
00009600  handlePLLLockFail                   
00000f58  het1ParityCheck                     
000010c0  het2ParityCheck                     
00001004  htu1ParityCheck                     
000011bc  htu2ParityCheck                     
0000865c  init_sensors                        
00008f3c  main                                
00002e64  mapClocks                           
0000939d  memcpy                              
00000174  memoryInit                          
00009260  memoryPort0TestFailNotification     
0000927c  memoryPort1TestFailNotification     
00009441  memset                              
00001684  mibspi1ParityCheck                  
0000178c  mibspi3ParityCheck                  
000018b0  mibspi5ParityCheck                  
00004da0  muxInit                             
000023ec  pbistFail                           
00002470  pbistGetConfigValue                 
000005a8  pbistIsTestCompleted                
000005d4  pbistIsTestPassed                   
00000608  pbistPortTestStatus                 
000004ac  pbistRun                            
000002cc  pbistSelfCheck                      
00000578  pbistStop                           
00002e10  periphInit                          
000095fc  phantomInterrupt                    
0000523c  pinmuxGetConfigValue                
000086a4  process_adc_data                    
00000000  resetEntry                          
00008c5c  rtiCompare0Interrupt                
00008ca4  rtiCompare1Interrupt                
00008cec  rtiCompare2Interrupt                
00008d34  rtiCompare3Interrupt                
00006f94  rtiDisableNotification              
00006f6c  rtiEnableNotification               
00006fb0  rtiGetConfigValue                   
00006d00  rtiGetCurrentTick                   
00006cd8  rtiGetPeriod                        
00006b00  rtiInit                             
00008f5c  rtiNotification                     
00006c4c  rtiResetCounter                     
00006cb0  rtiSetPeriod                        
00006bf4  rtiStartCounter                     
00006c20  rtiStopCounter                      
080015cc  rti_ticks                           
00005b1c  sciDisableLoopback                  
00005ba8  sciDisableNotification              
00005ae8  sciEnableLoopback                   
00005b40  sciEnableNotification               
00005c10  sciEnterResetState                  
00005c30  sciExitResetState                   
00005c50  sciGetConfigValue                   
00008a58  sciHighLevelInterrupt               
00005654  sciInit                             
00005998  sciIsIdleDetected                   
0000597c  sciIsRxReady                        
000057fc  sciIsTxReady                        
000092d0  sciNotification                     
00005a10  sciReceive                          
000059e4  sciReceiveByte                      
000059b4  sciRxError                          
00005848  sciSend                             
00005818  sciSendByte                         
00005760  sciSetBaudrate                      
00005740  sciSetFunctional                    
00000020  selftestFailNotification            
00008e94  send_data_uart                      
00002dd0  setupFlash                          
00002cfc  setupPLL                            
00003648  sramGetConfigValue                  
000025bc  stcGetConfigValue                   
000001b8  stcSelfCheck                        
00000df8  stcSelfCheckFail                    
00003088  systemGetConfigValue                
00002f8c  systemInit                          
00003058  systemPowerDown                     
0000349c  tcmflashGetConfigValue              
00002d5c  trimLPO                             
00004420  vimChannelMap                       
0000468c  vimDisableInterrupt                 
000044c4  vimEnableInterrupt                  
00004738  vimGetConfigValue                   
0000434c  vimInit                             
00000e00  vimParityCheck                      
0000824c  vimParityErrorHandler               


GLOBAL SYMBOLS: SORTED BY Symbol Address 

address   name                                
-------   ----                                
00000000  __TI_static_base__                  
00000000  resetEntry                          
00000020  selftestFailNotification            
00000030  ccmSelfCheck                        
00000174  memoryInit                          
000001b8  stcSelfCheck                        
00000234  cpuSelfTest                         
000002cc  pbistSelfCheck                      
000004ac  pbistRun                            
00000578  pbistStop                           
000005a8  pbistIsTestCompleted                
000005d4  pbistIsTestPassed                   
00000608  pbistPortTestStatus                 
00000660  efcCheck                            
000006e8  efcStuckZeroTest                    
00000794  efcSelfTest                         
000007bc  checkefcSelfTest                    
0000085c  fmcBus2Check                        
00000898  fmcECCcheck                         
00000938  checkB0RAMECC                       
00000b28  checkB1RAMECC                       
00000d18  checkFlashECC                       
00000df4  custom_dabort                       
00000df8  stcSelfCheckFail                    
00000dfc  cpuSelfTestFail                     
00000e00  vimParityCheck                      
00000eac  dmaParityCheck                      
00000f58  het1ParityCheck                     
00001004  htu1ParityCheck                     
000010c0  het2ParityCheck                     
000011bc  htu2ParityCheck                     
0000126c  adc1ParityCheck                     
00001358  adc2ParityCheck                     
00001410  can1ParityCheck                     
000014e8  can2ParityCheck                     
000015b0  can3ParityCheck                     
00001684  mibspi1ParityCheck                  
0000178c  mibspi3ParityCheck                  
000018b0  mibspi5ParityCheck                  
000019d0  checkRAMECC                         
00001c18  checkClockMonitor                   
00001cf4  checkFlashEEPROMECC                 
00001e8c  checkPLL1Slip                       
00001f8c  checkPLL2Slip                       
00002050  checkRAMAddrParity                  
0000215c  checkRAMUERRTest                    
000022c4  fmcBus1ParityCheck                  
000023ec  pbistFail                           
00002470  pbistGetConfigValue                 
000025bc  stcGetConfigValue                   
00002660  efcGetConfigValue                   
000026fc  ccmr4GetConfigValue                 
0000276c  errata_PBIST_4                      
00002ad0  enableParity                        
00002b58  disableParity                       
00002cfc  setupPLL                            
00002d5c  trimLPO                             
00002dd0  setupFlash                          
00002e10  periphInit                          
00002e64  mapClocks                           
00002f8c  systemInit                          
00003058  systemPowerDown                     
00003088  systemGetConfigValue                
0000349c  tcmflashGetConfigValue              
00003648  sramGetConfigValue                  
00003784  customTrimLPO                       
00003860  adcInit                             
000039bc  adcStartConversion                  
00003a40  adcStopConversion                   
00003a68  adcResetFiFo                        
00003a90  adcGetData                          
00003c58  adcIsFifoFull                       
00003c88  adcIsConversionComplete             
00003cb8  adcCalibration                      
00003e90  adcMidPointCalibration              
0000402c  adcEnableNotification               
0000407c  adcDisableNotification              
000040a4  adcSetEVTPin                        
000040c4  adcGetEVTPin                        
000040dc  adc1GetConfigValue                  
0000434c  vimInit                             
00004420  vimChannelMap                       
000044c4  vimEnableInterrupt                  
0000468c  vimDisableInterrupt                 
00004738  vimGetConfigValue                   
00004da0  muxInit                             
0000523c  pinmuxGetConfigValue                
00005654  sciInit                             
00005740  sciSetFunctional                    
00005760  sciSetBaudrate                      
000057fc  sciIsTxReady                        
00005818  sciSendByte                         
00005848  sciSend                             
0000597c  sciIsRxReady                        
00005998  sciIsIdleDetected                   
000059b4  sciRxError                          
000059e4  sciReceiveByte                      
00005a10  sciReceive                          
00005ae8  sciEnableLoopback                   
00005b1c  sciDisableLoopback                  
00005b40  sciEnableNotification               
00005ba8  sciDisableNotification              
00005c10  sciEnterResetState                  
00005c30  sciExitResetState                   
00005c50  sciGetConfigValue                   
00005dfc  dmaEnable                           
00005e1c  dmaDisable                          
00005e3c  dmaReqAssign                        
00005e90  dmaGetReq                           
00005ec8  dmaSetCtrlPacket                    
00005ff0  dmaSetChEnable                      
0000604c  dmaSetPriority                      
00006098  dmaEnableInterrupt                  
0000614c  dmaDisableInterrupt                 
000061ec  dmaDefineRegion                     
00006228  dmaEnableRegion                     
000062c4  dmaDisableRegion                    
000062f0  dmaEnableParityCheck                
00006300  dmaDisableParityCheck               
00006310  dmaGetConfigValue                   
0000649c  _errata_SSWF021_45_both_plls        
00006690  _errata_SSWF021_45_pll1             
00006808  _errata_SSWF021_45_pll2             
00006b00  rtiInit                             
00006bf4  rtiStartCounter                     
00006c20  rtiStopCounter                      
00006c4c  rtiResetCounter                     
00006cb0  rtiSetPeriod                        
00006cd8  rtiGetPeriod                        
00006d00  rtiGetCurrentTick                   
00006d8c  dwdInit                             
00006db4  dwwdInit                            
00006dfc  dwwdGetCurrentDownCounter           
00006e08  dwdCounterEnable                    
00006e18  dwdSetPreload                       
00006e34  dwdReset                            
00006e50  dwdGenerateSysReset                 
00006e6c  IsdwdKeySequenceCorrect             
00006ea0  dwdGetStatus                        
00006ed4  dwdClearFlag                        
00006ee4  dwdGetViolationStatus               
00006f6c  rtiEnableNotification               
00006f94  rtiDisableNotification              
00006fb0  rtiGetConfigValue                   
00007138  esmInit                             
00007240  esmError                            
0000725c  esmEnableError                      
00007284  esmDisableError                     
000072ac  esmTriggerErrorPinReset             
000072bc  esmActivateNormalOperation          
000072cc  esmEnableInterrupt                  
000072f4  esmDisableInterrupt                 
0000731c  esmSetInterruptLevel                
00007390  esmClearStatus                      
000073d0  esmClearStatusBuffer                
000073ec  esmSetCounterPreloadValue           
0000740c  esmGetStatus                        
00007490  esmGetStatusBuffer                  
000074c8  esmEnterSelfTest                    
00007550  esmSelfTestStatus                   
000075a0  esmGetConfigValue                   
000076f4  gioInit                             
000077c4  gioSetDirection                     
000077e4  gioSetBit                           
00007834  gioSetPort                          
00007854  gioGetBit                           
0000787c  gioGetPort                          
00007894  gioToggleBit                        
000078ec  gioEnableNotification               
00007954  gioDisableNotification              
000079bc  gioGetConfigValue                   
00007b78  ecu_io_init                         
00007c10  ecu_io_read_input                   
00007d64  ecu_io_write_output                 
00007e54  ecu_io_toggle_output                
00007f00  _coreInitRegisters_                 
0000800c  _coreInitStackPointer_              
00008058  _getCPSRValue_                      
00008060  _gotoCPUIdle_                       
00008078  _coreEnableVfp_                     
00008090  _coreEnableEventBusExport_          
000080a0  _coreDisableEventBusExport_         
000080b0  _coreEnableRamEcc_                  
000080c0  _coreDisableRamEcc_                 
000080d0  _coreEnableFlashEcc_                
000080e4  _coreDisableFlashEcc_               
000080f4  _coreEnableIrqVicOffset_            
00008104  _coreGetDataFault_                  
0000810c  _coreClearDataFault_                
00008118  _coreGetInstructionFault_           
00008120  _coreClearInstructionFault_         
0000812c  _coreGetDataFaultAddress_           
00008134  _coreClearDataFaultAddress_         
00008140  _coreGetInstructionFaultAddress_    
00008148  _coreClearInstructionFaultAddress_  
00008154  _coreGetAuxiliaryDataFault_         
0000815c  _coreClearAuxiliaryDataFault_       
00008168  _coreGetAuxiliaryInstructionFault_  
00008170  _coreClearAuxiliaryInstructionFault_
0000817c  _disable_interrupt_                 
00008184  _disable_FIQ_interrupt_             
0000818c  _disable_IRQ_interrupt_             
00008194  _enable_interrupt_                  
0000819c  _esmCcmErrorsClear_                 
00008224  _errata_CORTEXR4_57_                
00008234  _errata_CORTEXR4_66_                
00008244  __TI_PINIT_Base                     
00008248  __TI_PINIT_Limit                    
0000824c  vimParityErrorHandler               
00008518  dmaConfig_ADC_Event                 
00008640  adcConfig_Event_DMA                 
0000865c  init_sensors                        
000086a4  process_adc_data                    
00008734  dmaGroupANotification               
000087d0  _c_int00                            
00008a58  sciHighLevelInterrupt               
00008c5c  rtiCompare0Interrupt                
00008ca4  rtiCompare1Interrupt                
00008cec  rtiCompare2Interrupt                
00008d34  rtiCompare3Interrupt                
00008d80  esmHighInterrupt                    
00008e94  send_data_uart                      
00008f04  delay_ticks                         
00008f3c  main                                
00008f5c  rtiNotification                     
00008f98  _dabort                             
00009081  floor                               
00009081  floorl                              
00009160  _pmuInit_                           
000091ac  _pmuEnableCountersGlobal_           
000091bc  _pmuDisableCountersGlobal_          
000091cc  _pmuResetCycleCounter_              
000091dc  _pmuResetEventCounters_             
000091ec  _pmuResetCounters_                  
000091fc  _pmuStartCounters_                  
00009204  _pmuStopCounters_                   
0000920c  _pmuSetCountEvent_                  
00009218  _pmuGetCycleCount_                  
00009220  _pmuGetEventCount_                  
0000922c  _pmuGetOverflow_                    
00009240  esmGroup1Notification               
00009250  esmGroup2Notification               
00009260  memoryPort0TestFailNotification     
0000927c  memoryPort1TestFailNotification     
000092a8  adcNotification                     
000092bc  gioNotification                     
000092d0  sciNotification                     
000092f8  adc1Group0Interrupt                 
00009344  adc1Group1Interrupt                 
0000939d  __aeabi_memcpy                      
0000939d  __aeabi_memcpy4                     
0000939d  __aeabi_memcpy8                     
0000939d  memcpy                              
00009439  __aeabi_memclr                      
00009439  __aeabi_memclr4                     
00009439  __aeabi_memclr8                     
0000943b  __aeabi_memset                      
0000943b  __aeabi_memset4                     
0000943b  __aeabi_memset8                     
00009441  memset                              
000094b3  __TI_decompress_lzss                
00009520  dmaFTCAInterrupt                    
00009589  __TI_auto_init_nobinit_nopinit      
000095cd  __TI_zero_init_nomemset             
000095e9  __TI_decompress_none                
000095f7  C$$EXIT                             
000095f7  abort                               
000095fc  phantomInterrupt                    
00009600  handlePLLLockFail                   
00009838  __TI_Handler_Table_Base             
00009844  __TI_Handler_Table_Limit            
00009858  __TI_CINIT_Base                     
00009868  __TI_CINIT_Limit                    
08001500  __start___llvm_prf_cnts             
08001500  __stop___llvm_prf_cnts              
08001500  g_dmaCTRLPKT                        
08001544  adc_data                            
080015ac  adc_dma_buffer                      
080015cc  rti_ticks                           
080015d0  conversion_complete                 
ffffffff  __TI_pprof_out_hndl                 
ffffffff  __TI_prof_data_size                 
ffffffff  __TI_prof_data_start                
ffffffff  __binit__                           
ffffffff  __c_args__                          
ffffffff  binit                               
UNDEFED   SHT$$INIT_ARRAY$$Base               
UNDEFED   SHT$$INIT_ARRAY$$Limit              
UNDEFED   _system_post_cinit                  

[289 symbols]
