<?xml version="1.0" encoding="ISO-8859-1" ?>
<link_info>
   <banner>TI ARM Linker PC v20.2.7.LTS</banner>
   <copyright>Copyright (c) 1996-2018 Texas Instruments Incorporated</copyright>
   <link_time>0x69989921</link_time>
   <link_errors>0x0</link_errors>
   <output_file>tms570_adc_test.out</output_file>
   <entry_point>
      <name>_c_int00</name>
      <address>0x883c</address>
   </entry_point>
   <input_file_list>
      <input_file id="fl-2">
         <path>.\source\</path>
         <kind>object</kind>
         <file>adc.obj</file>
         <name>adc.obj</name>
      </input_file>
      <input_file id="fl-3">
         <path>.\source\</path>
         <kind>object</kind>
         <file>dabort.obj</file>
         <name>dabort.obj</name>
      </input_file>
      <input_file id="fl-4">
         <path>.\source\</path>
         <kind>object</kind>
         <file>errata_SSWF021_45.obj</file>
         <name>errata_SSWF021_45.obj</name>
      </input_file>
      <input_file id="fl-5">
         <path>.\source\</path>
         <kind>object</kind>
         <file>esm.obj</file>
         <name>esm.obj</name>
      </input_file>
      <input_file id="fl-6">
         <path>.\source\</path>
         <kind>object</kind>
         <file>gio.obj</file>
         <name>gio.obj</name>
      </input_file>
      <input_file id="fl-7">
         <path>.\source\</path>
         <kind>object</kind>
         <file>io_driver.obj</file>
         <name>io_driver.obj</name>
      </input_file>
      <input_file id="fl-8">
         <path>.\source\</path>
         <kind>object</kind>
         <file>notification.obj</file>
         <name>notification.obj</name>
      </input_file>
      <input_file id="fl-9">
         <path>.\source\</path>
         <kind>object</kind>
         <file>pinmux.obj</file>
         <name>pinmux.obj</name>
      </input_file>
      <input_file id="fl-a">
         <path>.\source\</path>
         <kind>object</kind>
         <file>rti.obj</file>
         <name>rti.obj</name>
      </input_file>
      <input_file id="fl-b">
         <path>.\source\</path>
         <kind>object</kind>
         <file>sci.obj</file>
         <name>sci.obj</name>
      </input_file>
      <input_file id="fl-c">
         <path>.\source\</path>
         <kind>object</kind>
         <file>sys_core.obj</file>
         <name>sys_core.obj</name>
      </input_file>
      <input_file id="fl-d">
         <path>.\source\</path>
         <kind>object</kind>
         <file>sys_dma.obj</file>
         <name>sys_dma.obj</name>
      </input_file>
      <input_file id="fl-e">
         <path>.\source\</path>
         <kind>object</kind>
         <file>sys_intvecs.obj</file>
         <name>sys_intvecs.obj</name>
      </input_file>
      <input_file id="fl-f">
         <path>.\source\</path>
         <kind>object</kind>
         <file>sys_main.obj</file>
         <name>sys_main.obj</name>
      </input_file>
      <input_file id="fl-10">
         <path>.\source\</path>
         <kind>object</kind>
         <file>sys_mpu.obj</file>
         <name>sys_mpu.obj</name>
      </input_file>
      <input_file id="fl-11">
         <path>.\source\</path>
         <kind>object</kind>
         <file>sys_pcr.obj</file>
         <name>sys_pcr.obj</name>
      </input_file>
      <input_file id="fl-12">
         <path>.\source\</path>
         <kind>object</kind>
         <file>sys_phantom.obj</file>
         <name>sys_phantom.obj</name>
      </input_file>
      <input_file id="fl-13">
         <path>.\source\</path>
         <kind>object</kind>
         <file>sys_pmm.obj</file>
         <name>sys_pmm.obj</name>
      </input_file>
      <input_file id="fl-14">
         <path>.\source\</path>
         <kind>object</kind>
         <file>sys_pmu.obj</file>
         <name>sys_pmu.obj</name>
      </input_file>
      <input_file id="fl-15">
         <path>.\source\</path>
         <kind>object</kind>
         <file>sys_selftest.obj</file>
         <name>sys_selftest.obj</name>
      </input_file>
      <input_file id="fl-16">
         <path>.\source\</path>
         <kind>object</kind>
         <file>sys_startup.obj</file>
         <name>sys_startup.obj</name>
      </input_file>
      <input_file id="fl-17">
         <path>.\source\</path>
         <kind>object</kind>
         <file>sys_vim.obj</file>
         <name>sys_vim.obj</name>
      </input_file>
      <input_file id="fl-18">
         <path>.\source\</path>
         <kind>object</kind>
         <file>system.obj</file>
         <name>system.obj</name>
      </input_file>
      <input_file id="fl-1c">
         <kind>object</kind>
         <file>&lt;internal&gt;</file>
         <name>&lt;internal&gt;</name>
      </input_file>
      <input_file id="fl-1d">
         <path>C:\ti\ccs1281\ccs\tools\compiler\ti-cgt-arm_20.2.7.LTS\lib\</path>
         <kind>archive</kind>
         <file>rtsv7R4_T_be_v3D16_eabi.lib</file>
         <name>s_floor.c.obj</name>
      </input_file>
      <input_file id="fl-1e">
         <path>C:\ti\ccs1281\ccs\tools\compiler\ti-cgt-arm_20.2.7.LTS\lib\</path>
         <kind>archive</kind>
         <file>rtsv7R4_T_be_v3D16_eabi.lib</file>
         <name>memcpy_t2.asm.obj</name>
      </input_file>
      <input_file id="fl-1f">
         <path>C:\ti\ccs1281\ccs\tools\compiler\ti-cgt-arm_20.2.7.LTS\lib\</path>
         <kind>archive</kind>
         <file>rtsv7R4_T_be_v3D16_eabi.lib</file>
         <name>memset_t2.asm.obj</name>
      </input_file>
      <input_file id="fl-20">
         <path>C:\ti\ccs1281\ccs\tools\compiler\ti-cgt-arm_20.2.7.LTS\lib\</path>
         <kind>archive</kind>
         <file>rtsv7R4_T_be_v3D16_eabi.lib</file>
         <name>autoinit.c.obj</name>
      </input_file>
      <input_file id="fl-21">
         <path>C:\ti\ccs1281\ccs\tools\compiler\ti-cgt-arm_20.2.7.LTS\lib\</path>
         <kind>archive</kind>
         <file>rtsv7R4_T_be_v3D16_eabi.lib</file>
         <name>cpy_tbl.c.obj</name>
      </input_file>
      <input_file id="fl-22">
         <path>C:\ti\ccs1281\ccs\tools\compiler\ti-cgt-arm_20.2.7.LTS\lib\</path>
         <kind>archive</kind>
         <file>rtsv7R4_T_be_v3D16_eabi.lib</file>
         <name>copy_zero_init.c.obj</name>
      </input_file>
      <input_file id="fl-23">
         <path>C:\ti\ccs1281\ccs\tools\compiler\ti-cgt-arm_20.2.7.LTS\lib\</path>
         <kind>archive</kind>
         <file>rtsv7R4_T_be_v3D16_eabi.lib</file>
         <name>copy_decompress_none.c.obj</name>
      </input_file>
      <input_file id="fl-24">
         <path>C:\ti\ccs1281\ccs\tools\compiler\ti-cgt-arm_20.2.7.LTS\lib\</path>
         <kind>archive</kind>
         <file>rtsv7R4_T_be_v3D16_eabi.lib</file>
         <name>copy_decompress_lzss.c.obj</name>
      </input_file>
      <input_file id="fl-25">
         <path>C:\ti\ccs1281\ccs\tools\compiler\ti-cgt-arm_20.2.7.LTS\lib\</path>
         <kind>archive</kind>
         <file>rtsv7R4_T_be_v3D16_eabi.lib</file>
         <name>exit.c.obj</name>
      </input_file>
      <input_file id="fl-26">
         <path>C:\ti\ccs1281\ccs\tools\compiler\ti-cgt-arm_20.2.7.LTS\lib\</path>
         <kind>archive</kind>
         <file>rtsv7R4_T_be_v3D16_eabi.lib</file>
         <name>_lock.c.obj</name>
      </input_file>
   </input_file_list>
   <object_component_list>
      <object_component id="oc-43">
         <name>.intvecs</name>
         <load_address>0x0</load_address>
         <run_address>0x0</run_address>
         <size>0x20</size>
         <input_file_ref idref="fl-e"/>
      </object_component>
      <object_component id="oc-94">
         <name>.text</name>
         <load_address>0x20</load_address>
         <run_address>0x20</run_address>
         <size>0x2cdc</size>
         <input_file_ref idref="fl-15"/>
      </object_component>
      <object_component id="oc-8e">
         <name>.text</name>
         <load_address>0x2cfc</load_address>
         <run_address>0x2cfc</run_address>
         <size>0xb64</size>
         <input_file_ref idref="fl-18"/>
      </object_component>
      <object_component id="oc-158">
         <name>.text</name>
         <load_address>0x3860</load_address>
         <run_address>0x3860</run_address>
         <size>0xaec</size>
         <input_file_ref idref="fl-2"/>
      </object_component>
      <object_component id="oc-4f">
         <name>.text</name>
         <load_address>0x434c</load_address>
         <run_address>0x434c</run_address>
         <size>0xa54</size>
         <input_file_ref idref="fl-17"/>
      </object_component>
      <object_component id="oc-fa">
         <name>.text</name>
         <load_address>0x4da0</load_address>
         <run_address>0x4da0</run_address>
         <size>0x8b4</size>
         <input_file_ref idref="fl-9"/>
      </object_component>
      <object_component id="oc-14c">
         <name>.text</name>
         <load_address>0x5654</load_address>
         <run_address>0x5654</run_address>
         <size>0x7a8</size>
         <input_file_ref idref="fl-b"/>
      </object_component>
      <object_component id="oc-140">
         <name>.text</name>
         <load_address>0x5dfc</load_address>
         <run_address>0x5dfc</run_address>
         <size>0x6a0</size>
         <input_file_ref idref="fl-d"/>
      </object_component>
      <object_component id="oc-82">
         <name>.text</name>
         <load_address>0x649c</load_address>
         <run_address>0x649c</run_address>
         <size>0x664</size>
         <input_file_ref idref="fl-4"/>
      </object_component>
      <object_component id="oc-152">
         <name>.text</name>
         <load_address>0x6b00</load_address>
         <run_address>0x6b00</run_address>
         <size>0x638</size>
         <input_file_ref idref="fl-a"/>
      </object_component>
      <object_component id="oc-9a">
         <name>.text</name>
         <load_address>0x7138</load_address>
         <run_address>0x7138</run_address>
         <size>0x5bc</size>
         <input_file_ref idref="fl-5"/>
      </object_component>
      <object_component id="oc-218">
         <name>.text</name>
         <load_address>0x76f4</load_address>
         <run_address>0x76f4</run_address>
         <size>0x484</size>
         <input_file_ref idref="fl-6"/>
      </object_component>
      <object_component id="oc-146">
         <name>.text</name>
         <load_address>0x7b78</load_address>
         <run_address>0x7b78</run_address>
         <size>0x388</size>
         <input_file_ref idref="fl-7"/>
      </object_component>
      <object_component id="oc-7d">
         <name>.text</name>
         <load_address>0x7f00</load_address>
         <run_address>0x7f00</run_address>
         <size>0x34c</size>
         <input_file_ref idref="fl-c"/>
      </object_component>
      <object_component id="oc-a1">
         <name>.text</name>
         <load_address>0x824c</load_address>
         <run_address>0x824c</run_address>
         <size>0x324</size>
         <input_file_ref idref="fl-f"/>
      </object_component>
      <object_component id="oc-4e">
         <name>.text:retain</name>
         <load_address>0x8570</load_address>
         <run_address>0x8570</run_address>
         <size>0x2cc</size>
         <input_file_ref idref="fl-17"/>
      </object_component>
      <object_component id="oc-1c">
         <name>.text:retain</name>
         <load_address>0x883c</load_address>
         <run_address>0x883c</run_address>
         <size>0x288</size>
         <input_file_ref idref="fl-16"/>
      </object_component>
      <object_component id="oc-37">
         <name>.text:retain</name>
         <load_address>0x8ac4</load_address>
         <run_address>0x8ac4</run_address>
         <size>0x204</size>
         <input_file_ref idref="fl-b"/>
      </object_component>
      <object_component id="oc-31">
         <name>.text:retain</name>
         <load_address>0x8cc8</load_address>
         <run_address>0x8cc8</run_address>
         <size>0x124</size>
         <input_file_ref idref="fl-a"/>
      </object_component>
      <object_component id="oc-2b">
         <name>.text:retain</name>
         <load_address>0x8dec</load_address>
         <run_address>0x8dec</run_address>
         <size>0x114</size>
         <input_file_ref idref="fl-5"/>
      </object_component>
      <object_component id="oc-bf">
         <name>.text</name>
         <load_address>0x8f00</load_address>
         <run_address>0x8f00</run_address>
         <size>0xe8</size>
         <input_file_ref idref="fl-3"/>
      </object_component>
      <object_component id="oc-224">
         <name>.text:floor</name>
         <load_address>0x8fe8</load_address>
         <run_address>0x8fe8</run_address>
         <size>0xe0</size>
         <input_file_ref idref="fl-1d"/>
      </object_component>
      <object_component id="oc-102">
         <name>.text</name>
         <load_address>0x90c8</load_address>
         <run_address>0x90c8</run_address>
         <size>0xe0</size>
         <input_file_ref idref="fl-14"/>
      </object_component>
      <object_component id="oc-ad">
         <name>.text</name>
         <load_address>0x91a8</load_address>
         <run_address>0x91a8</run_address>
         <size>0xb8</size>
         <input_file_ref idref="fl-8"/>
      </object_component>
      <object_component id="oc-22">
         <name>.text:retain</name>
         <load_address>0x9260</load_address>
         <run_address>0x9260</run_address>
         <size>0xa4</size>
         <input_file_ref idref="fl-2"/>
      </object_component>
      <object_component id="oc-65">
         <name>.text</name>
         <load_address>0x9304</load_address>
         <run_address>0x9304</run_address>
         <size>0x9c</size>
         <input_file_ref idref="fl-1e"/>
      </object_component>
      <object_component id="oc-ec">
         <name>.text</name>
         <load_address>0x93a0</load_address>
         <run_address>0x93a0</run_address>
         <size>0x7a</size>
         <input_file_ref idref="fl-1f"/>
      </object_component>
      <object_component id="oc-f">
         <name>.text:decompress:lzss:__TI_decompress_lzss</name>
         <load_address>0x941a</load_address>
         <run_address>0x941a</run_address>
         <size>0x6c</size>
         <input_file_ref idref="fl-24"/>
      </object_component>
      <object_component id="oc-3d">
         <name>.text:retain</name>
         <load_address>0x9488</load_address>
         <run_address>0x9488</run_address>
         <size>0x68</size>
         <input_file_ref idref="fl-d"/>
      </object_component>
      <object_component id="oc-110">
         <name>.text:__TI_auto_init_nobinit_nopinit:__TI_auto_init_nobinit_nopinit</name>
         <load_address>0x94f0</load_address>
         <run_address>0x94f0</run_address>
         <size>0x44</size>
         <input_file_ref idref="fl-20"/>
      </object_component>
      <object_component id="oc-71">
         <name>.text:decompress:ZI:__TI_zero_init_nomemset:__TI_zero_init_nomemset</name>
         <load_address>0x9534</load_address>
         <run_address>0x9534</run_address>
         <size>0x1c</size>
         <input_file_ref idref="fl-22"/>
      </object_component>
      <object_component id="oc-15">
         <name>.text:decompress:none:__TI_decompress_none</name>
         <load_address>0x9550</load_address>
         <run_address>0x9550</run_address>
         <size>0xe</size>
         <input_file_ref idref="fl-23"/>
      </object_component>
      <object_component id="oc-170">
         <name>.text:abort:abort</name>
         <load_address>0x955e</load_address>
         <run_address>0x955e</run_address>
         <size>0x4</size>
         <input_file_ref idref="fl-25"/>
      </object_component>
      <object_component id="oc-48">
         <name>.text:retain</name>
         <load_address>0x9564</load_address>
         <run_address>0x9564</run_address>
         <size>0x4</size>
         <input_file_ref idref="fl-12"/>
      </object_component>
      <object_component id="oc-88">
         <name>.text</name>
         <load_address>0x9568</load_address>
         <run_address>0x9568</run_address>
         <size>0x4</size>
         <input_file_ref idref="fl-16"/>
      </object_component>
      <object_component id="oc-28">
         <name>.const:s_vim_init</name>
         <load_address>0x956c</load_address>
         <run_address>0x956c</run_address>
         <size>0x200</size>
         <input_file_ref idref="fl-17"/>
      </object_component>
      <object_component id="oc-232">
         <name>.const:s_adcFiFoSize</name>
         <load_address>0x976c</load_address>
         <run_address>0x976c</run_address>
         <size>0x18</size>
         <input_file_ref idref="fl-2"/>
      </object_component>
      <object_component id="oc-235">
         <name>.const:s_adcSelect</name>
         <load_address>0x9784</load_address>
         <run_address>0x9784</run_address>
         <size>0x18</size>
         <input_file_ref idref="fl-2"/>
      </object_component>
      <object_component id="oc-2f4">
         <name>__TI_handler_table</name>
         <load_address>0x97a0</load_address>
         <run_address>0x97a0</run_address>
         <size>0xc</size>
      </object_component>
      <object_component id="oc-2f6">
         <name>.cinit..bss.load</name>
         <load_address>0x97b0</load_address>
         <run_address>0x97b0</run_address>
         <size>0x8</size>
      </object_component>
      <object_component id="oc-2f7">
         <name>.cinit..data.load</name>
         <load_address>0x97b8</load_address>
         <run_address>0x97b8</run_address>
         <size>0x5</size>
      </object_component>
      <object_component id="oc-2f5">
         <name>__TI_cinit_table</name>
         <load_address>0x97c0</load_address>
         <run_address>0x97c0</run_address>
         <size>0x10</size>
      </object_component>
      <object_component id="oc-ba">
         <name>.bss:g_sciTransfer_t</name>
         <uninitialized>true</uninitialized>
         <run_address>0x8001544</run_address>
         <size>0x28</size>
         <input_file_ref idref="fl-b"/>
      </object_component>
      <object_component id="oc-161">
         <name>.common:adc_values</name>
         <uninitialized>true</uninitialized>
         <run_address>0x800156c</run_address>
         <size>0x20</size>
      </object_component>
      <object_component id="oc-15e">
         <name>.common:g_dmaCTRLPKT</name>
         <uninitialized>true</uninitialized>
         <run_address>0x8001500</run_address>
         <size>0x44</size>
      </object_component>
      <object_component id="oc-162">
         <name>.data</name>
         <load_address>0x800158c</load_address>
         <run_address>0x800158c</run_address>
         <size>0x1</size>
         <input_file_ref idref="fl-f"/>
      </object_component>
      <object_component id="oc-1ac">
         <name>.debug_info</name>
         <load_address>0x0</load_address>
         <run_address>0x0</run_address>
         <size>0x340</size>
         <input_file_ref idref="fl-2"/>
      </object_component>
      <object_component id="oc-236">
         <name>.debug_info</name>
         <load_address>0x340</load_address>
         <run_address>0x340</run_address>
         <size>0xdd</size>
         <input_file_ref idref="fl-2"/>
      </object_component>
      <object_component id="oc-233">
         <name>.debug_info</name>
         <load_address>0x41d</load_address>
         <run_address>0x41d</run_address>
         <size>0xe2</size>
         <input_file_ref idref="fl-2"/>
      </object_component>
      <object_component id="oc-15a">
         <name>.debug_info</name>
         <load_address>0x4ff</load_address>
         <run_address>0x4ff</run_address>
         <size>0xb5a</size>
         <input_file_ref idref="fl-2"/>
      </object_component>
      <object_component id="oc-24">
         <name>.debug_info</name>
         <load_address>0x1059</load_address>
         <run_address>0x1059</run_address>
         <size>0x1bd</size>
         <input_file_ref idref="fl-2"/>
      </object_component>
      <object_component id="oc-1c1">
         <name>.debug_info</name>
         <load_address>0x1216</load_address>
         <run_address>0x1216</run_address>
         <size>0x791</size>
         <input_file_ref idref="fl-2"/>
      </object_component>
      <object_component id="oc-17e">
         <name>.debug_info</name>
         <load_address>0x19a7</load_address>
         <run_address>0x19a7</run_address>
         <size>0x26b</size>
         <input_file_ref idref="fl-2"/>
      </object_component>
      <object_component id="oc-b4">
         <name>.debug_info</name>
         <load_address>0x1c12</load_address>
         <run_address>0x1c12</run_address>
         <size>0x157</size>
         <input_file_ref idref="fl-2"/>
      </object_component>
      <object_component id="oc-cc">
         <name>.debug_info</name>
         <load_address>0x1d69</load_address>
         <run_address>0x1d69</run_address>
         <size>0x8b</size>
         <input_file_ref idref="fl-2"/>
      </object_component>
      <object_component id="oc-c7">
         <name>.debug_info</name>
         <load_address>0x1df4</load_address>
         <run_address>0x1df4</run_address>
         <size>0x18c</size>
         <input_file_ref idref="fl-2"/>
      </object_component>
      <object_component id="oc-24c">
         <name>.debug_info</name>
         <load_address>0x1f80</load_address>
         <run_address>0x1f80</run_address>
         <size>0x2a4</size>
         <input_file_ref idref="fl-2"/>
      </object_component>
      <object_component id="oc-166">
         <name>.debug_info</name>
         <load_address>0x2224</load_address>
         <run_address>0x2224</run_address>
         <size>0xbb</size>
         <input_file_ref idref="fl-2"/>
      </object_component>
      <object_component id="oc-d1">
         <name>.debug_info</name>
         <load_address>0x22df</load_address>
         <run_address>0x22df</run_address>
         <size>0x86</size>
         <input_file_ref idref="fl-2"/>
      </object_component>
      <object_component id="oc-26c">
         <name>.debug_info</name>
         <load_address>0x2365</load_address>
         <run_address>0x2365</run_address>
         <size>0x38f</size>
         <input_file_ref idref="fl-2"/>
      </object_component>
      <object_component id="oc-19c">
         <name>.debug_info</name>
         <load_address>0x26f4</load_address>
         <run_address>0x26f4</run_address>
         <size>0x2d0</size>
         <input_file_ref idref="fl-2"/>
      </object_component>
      <object_component id="oc-c1">
         <name>.debug_info</name>
         <load_address>0x29c4</load_address>
         <run_address>0x29c4</run_address>
         <size>0xfa</size>
         <input_file_ref idref="fl-3"/>
      </object_component>
      <object_component id="oc-1bc">
         <name>.debug_info</name>
         <load_address>0x2abe</load_address>
         <run_address>0x2abe</run_address>
         <size>0x2b9</size>
         <input_file_ref idref="fl-4"/>
      </object_component>
      <object_component id="oc-83">
         <name>.debug_info</name>
         <load_address>0x2d77</load_address>
         <run_address>0x2d77</run_address>
         <size>0x63a</size>
         <input_file_ref idref="fl-4"/>
      </object_component>
      <object_component id="oc-60">
         <name>.debug_info</name>
         <load_address>0x33b1</load_address>
         <run_address>0x33b1</run_address>
         <size>0x84</size>
         <input_file_ref idref="fl-4"/>
      </object_component>
      <object_component id="oc-f4">
         <name>.debug_info</name>
         <load_address>0x3435</load_address>
         <run_address>0x3435</run_address>
         <size>0x9e7</size>
         <input_file_ref idref="fl-4"/>
      </object_component>
      <object_component id="oc-10f">
         <name>.debug_info</name>
         <load_address>0x3e1c</load_address>
         <run_address>0x3e1c</run_address>
         <size>0x311</size>
         <input_file_ref idref="fl-5"/>
      </object_component>
      <object_component id="oc-9c">
         <name>.debug_info</name>
         <load_address>0x412d</load_address>
         <run_address>0x412d</run_address>
         <size>0xb26</size>
         <input_file_ref idref="fl-5"/>
      </object_component>
      <object_component id="oc-2d">
         <name>.debug_info</name>
         <load_address>0x4c53</load_address>
         <run_address>0x4c53</run_address>
         <size>0x186</size>
         <input_file_ref idref="fl-5"/>
      </object_component>
      <object_component id="oc-183">
         <name>.debug_info</name>
         <load_address>0x4dd9</load_address>
         <run_address>0x4dd9</run_address>
         <size>0x1de</size>
         <input_file_ref idref="fl-5"/>
      </object_component>
      <object_component id="oc-10a">
         <name>.debug_info</name>
         <load_address>0x4fb7</load_address>
         <run_address>0x4fb7</run_address>
         <size>0x129</size>
         <input_file_ref idref="fl-5"/>
      </object_component>
      <object_component id="oc-25b">
         <name>.debug_info</name>
         <load_address>0x50e0</load_address>
         <run_address>0x50e0</run_address>
         <size>0x294</size>
         <input_file_ref idref="fl-6"/>
      </object_component>
      <object_component id="oc-21a">
         <name>.debug_info</name>
         <load_address>0x5374</load_address>
         <run_address>0x5374</run_address>
         <size>0x6de</size>
         <input_file_ref idref="fl-6"/>
      </object_component>
      <object_component id="oc-18d">
         <name>.debug_info</name>
         <load_address>0x5a52</load_address>
         <run_address>0x5a52</run_address>
         <size>0x1f9</size>
         <input_file_ref idref="fl-6"/>
      </object_component>
      <object_component id="oc-2ae">
         <name>.debug_info</name>
         <load_address>0x5c4b</load_address>
         <run_address>0x5c4b</run_address>
         <size>0x12a</size>
         <input_file_ref idref="fl-6"/>
      </object_component>
      <object_component id="oc-148">
         <name>.debug_info</name>
         <load_address>0x5d75</load_address>
         <run_address>0x5d75</run_address>
         <size>0x492</size>
         <input_file_ref idref="fl-7"/>
      </object_component>
      <object_component id="oc-21f">
         <name>.debug_info</name>
         <load_address>0x6207</load_address>
         <run_address>0x6207</run_address>
         <size>0xc2</size>
         <input_file_ref idref="fl-7"/>
      </object_component>
      <object_component id="oc-1a7">
         <name>.debug_info</name>
         <load_address>0x62c9</load_address>
         <run_address>0x62c9</run_address>
         <size>0x4c2</size>
         <input_file_ref idref="fl-8"/>
      </object_component>
      <object_component id="oc-ae">
         <name>.debug_info</name>
         <load_address>0x678b</load_address>
         <run_address>0x678b</run_address>
         <size>0x878</size>
         <input_file_ref idref="fl-8"/>
      </object_component>
      <object_component id="oc-1c6">
         <name>.debug_info</name>
         <load_address>0x7003</load_address>
         <run_address>0x7003</run_address>
         <size>0x4de</size>
         <input_file_ref idref="fl-8"/>
      </object_component>
      <object_component id="oc-1cb">
         <name>.debug_info</name>
         <load_address>0x74e1</load_address>
         <run_address>0x74e1</run_address>
         <size>0x3ce</size>
         <input_file_ref idref="fl-8"/>
      </object_component>
      <object_component id="oc-23b">
         <name>.debug_info</name>
         <load_address>0x78af</load_address>
         <run_address>0x78af</run_address>
         <size>0x306</size>
         <input_file_ref idref="fl-8"/>
      </object_component>
      <object_component id="oc-240">
         <name>.debug_info</name>
         <load_address>0x7bb5</load_address>
         <run_address>0x7bb5</run_address>
         <size>0x7cd</size>
         <input_file_ref idref="fl-8"/>
      </object_component>
      <object_component id="oc-16b">
         <name>.debug_info</name>
         <load_address>0x8382</load_address>
         <run_address>0x8382</run_address>
         <size>0x673</size>
         <input_file_ref idref="fl-8"/>
      </object_component>
      <object_component id="oc-1b4">
         <name>.debug_info</name>
         <load_address>0x89f5</load_address>
         <run_address>0x89f5</run_address>
         <size>0x2c</size>
         <input_file_ref idref="fl-8"/>
      </object_component>
      <object_component id="oc-1d0">
         <name>.debug_info</name>
         <load_address>0x8a21</load_address>
         <run_address>0x8a21</run_address>
         <size>0x35</size>
         <input_file_ref idref="fl-8"/>
      </object_component>
      <object_component id="oc-1d5">
         <name>.debug_info</name>
         <load_address>0x8a56</load_address>
         <run_address>0x8a56</run_address>
         <size>0x437</size>
         <input_file_ref idref="fl-8"/>
      </object_component>
      <object_component id="oc-200">
         <name>.debug_info</name>
         <load_address>0x8e8d</load_address>
         <run_address>0x8e8d</run_address>
         <size>0x37b</size>
         <input_file_ref idref="fl-8"/>
      </object_component>
      <object_component id="oc-22c">
         <name>.debug_info</name>
         <load_address>0x9208</load_address>
         <run_address>0x9208</run_address>
         <size>0x1d4</size>
         <input_file_ref idref="fl-8"/>
      </object_component>
      <object_component id="oc-1da">
         <name>.debug_info</name>
         <load_address>0x93dc</load_address>
         <run_address>0x93dc</run_address>
         <size>0x1ca</size>
         <input_file_ref idref="fl-8"/>
      </object_component>
      <object_component id="oc-188">
         <name>.debug_info</name>
         <load_address>0x95a6</load_address>
         <run_address>0x95a6</run_address>
         <size>0x435</size>
         <input_file_ref idref="fl-8"/>
      </object_component>
      <object_component id="oc-1f3">
         <name>.debug_info</name>
         <load_address>0x99db</load_address>
         <run_address>0x99db</run_address>
         <size>0x551</size>
         <input_file_ref idref="fl-8"/>
      </object_component>
      <object_component id="oc-1df">
         <name>.debug_info</name>
         <load_address>0x9f2c</load_address>
         <run_address>0x9f2c</run_address>
         <size>0x3d3</size>
         <input_file_ref idref="fl-8"/>
      </object_component>
      <object_component id="oc-1e9">
         <name>.debug_info</name>
         <load_address>0xa2ff</load_address>
         <run_address>0xa2ff</run_address>
         <size>0x1de</size>
         <input_file_ref idref="fl-8"/>
      </object_component>
      <object_component id="oc-245">
         <name>.debug_info</name>
         <load_address>0xa4dd</load_address>
         <run_address>0xa4dd</run_address>
         <size>0x243</size>
         <input_file_ref idref="fl-8"/>
      </object_component>
      <object_component id="oc-265">
         <name>.debug_info</name>
         <load_address>0xa720</load_address>
         <run_address>0xa720</run_address>
         <size>0x18e</size>
         <input_file_ref idref="fl-8"/>
      </object_component>
      <object_component id="oc-1f8">
         <name>.debug_info</name>
         <load_address>0xa8ae</load_address>
         <run_address>0xa8ae</run_address>
         <size>0x17a</size>
         <input_file_ref idref="fl-8"/>
      </object_component>
      <object_component id="oc-192">
         <name>.debug_info</name>
         <load_address>0xaa28</load_address>
         <run_address>0xaa28</run_address>
         <size>0x6a6</size>
         <input_file_ref idref="fl-8"/>
      </object_component>
      <object_component id="oc-197">
         <name>.debug_info</name>
         <load_address>0xb0ce</load_address>
         <run_address>0xb0ce</run_address>
         <size>0x13e</size>
         <input_file_ref idref="fl-8"/>
      </object_component>
      <object_component id="oc-1be">
         <name>.debug_info</name>
         <load_address>0xb20c</load_address>
         <run_address>0xb20c</run_address>
         <size>0x27b</size>
         <input_file_ref idref="fl-9"/>
      </object_component>
      <object_component id="oc-fc">
         <name>.debug_info</name>
         <load_address>0xb487</load_address>
         <run_address>0xb487</run_address>
         <size>0x1e4</size>
         <input_file_ref idref="fl-9"/>
      </object_component>
      <object_component id="oc-1e4">
         <name>.debug_info</name>
         <load_address>0xb66b</load_address>
         <run_address>0xb66b</run_address>
         <size>0x508</size>
         <input_file_ref idref="fl-9"/>
      </object_component>
      <object_component id="oc-275">
         <name>.debug_info</name>
         <load_address>0xbb73</load_address>
         <run_address>0xbb73</run_address>
         <size>0x43c</size>
         <input_file_ref idref="fl-9"/>
      </object_component>
      <object_component id="oc-231">
         <name>.debug_info</name>
         <load_address>0xbfaf</load_address>
         <run_address>0xbfaf</run_address>
         <size>0x2e4</size>
         <input_file_ref idref="fl-a"/>
      </object_component>
      <object_component id="oc-154">
         <name>.debug_info</name>
         <load_address>0xc293</load_address>
         <run_address>0xc293</run_address>
         <size>0xd22</size>
         <input_file_ref idref="fl-a"/>
      </object_component>
      <object_component id="oc-32">
         <name>.debug_info</name>
         <load_address>0xcfb5</load_address>
         <run_address>0xcfb5</run_address>
         <size>0x2c3</size>
         <input_file_ref idref="fl-a"/>
      </object_component>
      <object_component id="oc-1aa">
         <name>.debug_info</name>
         <load_address>0xd278</load_address>
         <run_address>0xd278</run_address>
         <size>0x316</size>
         <input_file_ref idref="fl-b"/>
      </object_component>
      <object_component id="oc-bb">
         <name>.debug_info</name>
         <load_address>0xd58e</load_address>
         <run_address>0xd58e</run_address>
         <size>0xe5</size>
         <input_file_ref idref="fl-b"/>
      </object_component>
      <object_component id="oc-14e">
         <name>.debug_info</name>
         <load_address>0xd673</load_address>
         <run_address>0xd673</run_address>
         <size>0xc2f</size>
         <input_file_ref idref="fl-b"/>
      </object_component>
      <object_component id="oc-39">
         <name>.debug_info</name>
         <load_address>0xe2a2</load_address>
         <run_address>0xe2a2</run_address>
         <size>0x21a</size>
         <input_file_ref idref="fl-b"/>
      </object_component>
      <object_component id="oc-260">
         <name>.debug_info</name>
         <load_address>0xe4bc</load_address>
         <run_address>0xe4bc</run_address>
         <size>0x91</size>
         <input_file_ref idref="fl-b"/>
      </object_component>
      <object_component id="oc-7e">
         <name>.debug_info</name>
         <load_address>0xe54d</load_address>
         <run_address>0xe54d</run_address>
         <size>0x7ef</size>
         <input_file_ref idref="fl-c"/>
      </object_component>
      <object_component id="oc-217">
         <name>.debug_info</name>
         <load_address>0xed3c</load_address>
         <run_address>0xed3c</run_address>
         <size>0x32b</size>
         <input_file_ref idref="fl-d"/>
      </object_component>
      <object_component id="oc-142">
         <name>.debug_info</name>
         <load_address>0xf067</load_address>
         <run_address>0xf067</run_address>
         <size>0xafe</size>
         <input_file_ref idref="fl-d"/>
      </object_component>
      <object_component id="oc-3f">
         <name>.debug_info</name>
         <load_address>0xfb65</load_address>
         <run_address>0xfb65</run_address>
         <size>0x160</size>
         <input_file_ref idref="fl-d"/>
      </object_component>
      <object_component id="oc-44">
         <name>.debug_info</name>
         <load_address>0xfcc5</load_address>
         <run_address>0xfcc5</run_address>
         <size>0x102</size>
         <input_file_ref idref="fl-e"/>
      </object_component>
      <object_component id="oc-15f">
         <name>.debug_info</name>
         <load_address>0xfdc7</load_address>
         <run_address>0xfdc7</run_address>
         <size>0x6cf</size>
         <input_file_ref idref="fl-f"/>
      </object_component>
      <object_component id="oc-163">
         <name>.debug_info</name>
         <load_address>0x10496</load_address>
         <run_address>0x10496</run_address>
         <size>0xd5</size>
         <input_file_ref idref="fl-f"/>
      </object_component>
      <object_component id="oc-a3">
         <name>.debug_info</name>
         <load_address>0x1056b</load_address>
         <run_address>0x1056b</run_address>
         <size>0x63b</size>
         <input_file_ref idref="fl-f"/>
      </object_component>
      <object_component id="oc-27a">
         <name>.debug_info</name>
         <load_address>0x10ba6</load_address>
         <run_address>0x10ba6</run_address>
         <size>0x29a</size>
         <input_file_ref idref="fl-11"/>
      </object_component>
      <object_component id="oc-2b5">
         <name>.debug_info</name>
         <load_address>0x10e40</load_address>
         <run_address>0x10e40</run_address>
         <size>0x242</size>
         <input_file_ref idref="fl-11"/>
      </object_component>
      <object_component id="oc-1ee">
         <name>.debug_info</name>
         <load_address>0x11082</load_address>
         <run_address>0x11082</run_address>
         <size>0x2af</size>
         <input_file_ref idref="fl-11"/>
      </object_component>
      <object_component id="oc-49">
         <name>.debug_info</name>
         <load_address>0x11331</load_address>
         <run_address>0x11331</run_address>
         <size>0x137</size>
         <input_file_ref idref="fl-12"/>
      </object_component>
      <object_component id="oc-103">
         <name>.debug_info</name>
         <load_address>0x11468</load_address>
         <run_address>0x11468</run_address>
         <size>0x361</size>
         <input_file_ref idref="fl-14"/>
      </object_component>
      <object_component id="oc-108">
         <name>.debug_info</name>
         <load_address>0x117c9</load_address>
         <run_address>0x117c9</run_address>
         <size>0x670</size>
         <input_file_ref idref="fl-15"/>
      </object_component>
      <object_component id="oc-96">
         <name>.debug_info</name>
         <load_address>0x11e39</load_address>
         <run_address>0x11e39</run_address>
         <size>0x2e89</size>
         <input_file_ref idref="fl-15"/>
      </object_component>
      <object_component id="oc-1d">
         <name>.debug_info</name>
         <load_address>0x14cc2</load_address>
         <run_address>0x14cc2</run_address>
         <size>0x5dd</size>
         <input_file_ref idref="fl-16"/>
      </object_component>
      <object_component id="oc-89">
         <name>.debug_info</name>
         <load_address>0x1529f</load_address>
         <run_address>0x1529f</run_address>
         <size>0x130</size>
         <input_file_ref idref="fl-16"/>
      </object_component>
      <object_component id="oc-ac">
         <name>.debug_info</name>
         <load_address>0x153cf</load_address>
         <run_address>0x153cf</run_address>
         <size>0x5bc</size>
         <input_file_ref idref="fl-17"/>
      </object_component>
      <object_component id="oc-29">
         <name>.debug_info</name>
         <load_address>0x1598b</load_address>
         <run_address>0x1598b</run_address>
         <size>0xdf</size>
         <input_file_ref idref="fl-17"/>
      </object_component>
      <object_component id="oc-50">
         <name>.debug_info</name>
         <load_address>0x15a6a</load_address>
         <run_address>0x15a6a</run_address>
         <size>0x471</size>
         <input_file_ref idref="fl-17"/>
      </object_component>
      <object_component id="oc-55">
         <name>.debug_info</name>
         <load_address>0x15edb</load_address>
         <run_address>0x15edb</run_address>
         <size>0x1fa</size>
         <input_file_ref idref="fl-17"/>
      </object_component>
      <object_component id="oc-1a1">
         <name>.debug_info</name>
         <load_address>0x160d5</load_address>
         <run_address>0x160d5</run_address>
         <size>0x4f</size>
         <input_file_ref idref="fl-17"/>
      </object_component>
      <object_component id="oc-101">
         <name>.debug_info</name>
         <load_address>0x16124</load_address>
         <run_address>0x16124</run_address>
         <size>0x51d</size>
         <input_file_ref idref="fl-18"/>
      </object_component>
      <object_component id="oc-8f">
         <name>.debug_info</name>
         <load_address>0x16641</load_address>
         <run_address>0x16641</run_address>
         <size>0x7d4</size>
         <input_file_ref idref="fl-18"/>
      </object_component>
      <object_component id="oc-297">
         <name>.debug_info</name>
         <load_address>0x16e15</load_address>
         <run_address>0x16e15</run_address>
         <size>0x28f</size>
         <input_file_ref idref="fl-1d"/>
      </object_component>
      <object_component id="oc-225">
         <name>.debug_info</name>
         <load_address>0x170a4</load_address>
         <run_address>0x170a4</run_address>
         <size>0x1a0</size>
         <input_file_ref idref="fl-1d"/>
      </object_component>
      <object_component id="oc-2c6">
         <name>.debug_info</name>
         <load_address>0x17244</load_address>
         <run_address>0x17244</run_address>
         <size>0x46</size>
         <input_file_ref idref="fl-1d"/>
      </object_component>
      <object_component id="oc-292">
         <name>.debug_info</name>
         <load_address>0x1728a</load_address>
         <run_address>0x1728a</run_address>
         <size>0x39</size>
         <input_file_ref idref="fl-1d"/>
      </object_component>
      <object_component id="oc-68">
         <name>.debug_info</name>
         <load_address>0x172c3</load_address>
         <run_address>0x172c3</run_address>
         <size>0x119</size>
         <input_file_ref idref="fl-1e"/>
      </object_component>
      <object_component id="oc-ee">
         <name>.debug_info</name>
         <load_address>0x173dc</load_address>
         <run_address>0x173dc</run_address>
         <size>0x147</size>
         <input_file_ref idref="fl-1f"/>
      </object_component>
      <object_component id="oc-208">
         <name>.debug_info</name>
         <load_address>0x17523</load_address>
         <run_address>0x17523</run_address>
         <size>0x4b3</size>
         <input_file_ref idref="fl-20"/>
      </object_component>
      <object_component id="oc-112">
         <name>.debug_info</name>
         <load_address>0x179d6</load_address>
         <run_address>0x179d6</run_address>
         <size>0x1a6</size>
         <input_file_ref idref="fl-20"/>
      </object_component>
      <object_component id="oc-27d">
         <name>.debug_info</name>
         <load_address>0x17b7c</load_address>
         <run_address>0x17b7c</run_address>
         <size>0x39</size>
         <input_file_ref idref="fl-20"/>
      </object_component>
      <object_component id="oc-2ba">
         <name>.debug_info</name>
         <load_address>0x17bb5</load_address>
         <run_address>0x17bb5</run_address>
         <size>0x39</size>
         <input_file_ref idref="fl-20"/>
      </object_component>
      <object_component id="oc-282">
         <name>.debug_info</name>
         <load_address>0x17bee</load_address>
         <run_address>0x17bee</run_address>
         <size>0x39</size>
         <input_file_ref idref="fl-20"/>
      </object_component>
      <object_component id="oc-287">
         <name>.debug_info</name>
         <load_address>0x17c27</load_address>
         <run_address>0x17c27</run_address>
         <size>0xcd</size>
         <input_file_ref idref="fl-20"/>
      </object_component>
      <object_component id="oc-eb">
         <name>.debug_info</name>
         <load_address>0x17cf4</load_address>
         <run_address>0x17cf4</run_address>
         <size>0x2d4</size>
         <input_file_ref idref="fl-22"/>
      </object_component>
      <object_component id="oc-72">
         <name>.debug_info</name>
         <load_address>0x17fc8</load_address>
         <run_address>0x17fc8</run_address>
         <size>0x1d2</size>
         <input_file_ref idref="fl-22"/>
      </object_component>
      <object_component id="oc-e6">
         <name>.debug_info</name>
         <load_address>0x1819a</load_address>
         <run_address>0x1819a</run_address>
         <size>0x46</size>
         <input_file_ref idref="fl-22"/>
      </object_component>
      <object_component id="oc-70">
         <name>.debug_info</name>
         <load_address>0x181e0</load_address>
         <run_address>0x181e0</run_address>
         <size>0x2a3</size>
         <input_file_ref idref="fl-23"/>
      </object_component>
      <object_component id="oc-16">
         <name>.debug_info</name>
         <load_address>0x18483</load_address>
         <run_address>0x18483</run_address>
         <size>0x1d5</size>
         <input_file_ref idref="fl-23"/>
      </object_component>
      <object_component id="oc-6b">
         <name>.debug_info</name>
         <load_address>0x18658</load_address>
         <run_address>0x18658</run_address>
         <size>0x46</size>
         <input_file_ref idref="fl-23"/>
      </object_component>
      <object_component id="oc-de">
         <name>.debug_info</name>
         <load_address>0x1869e</load_address>
         <run_address>0x1869e</run_address>
         <size>0x2c</size>
         <input_file_ref idref="fl-23"/>
      </object_component>
      <object_component id="oc-dc">
         <name>.debug_info</name>
         <load_address>0x186ca</load_address>
         <run_address>0x186ca</run_address>
         <size>0x29e</size>
         <input_file_ref idref="fl-24"/>
      </object_component>
      <object_component id="oc-10">
         <name>.debug_info</name>
         <load_address>0x18968</load_address>
         <run_address>0x18968</run_address>
         <size>0x250</size>
         <input_file_ref idref="fl-24"/>
      </object_component>
      <object_component id="oc-5b">
         <name>.debug_info</name>
         <load_address>0x18bb8</load_address>
         <run_address>0x18bb8</run_address>
         <size>0x60</size>
         <input_file_ref idref="fl-24"/>
      </object_component>
      <object_component id="oc-1ad">
         <name>.debug_info</name>
         <load_address>0x18c18</load_address>
         <run_address>0x18c18</run_address>
         <size>0x46</size>
         <input_file_ref idref="fl-24"/>
      </object_component>
      <object_component id="oc-d7">
         <name>.debug_info</name>
         <load_address>0x18c5e</load_address>
         <run_address>0x18c5e</run_address>
         <size>0x39</size>
         <input_file_ref idref="fl-24"/>
      </object_component>
      <object_component id="oc-172">
         <name>.debug_info</name>
         <load_address>0x18c97</load_address>
         <run_address>0x18c97</run_address>
         <size>0x122</size>
         <input_file_ref idref="fl-25"/>
      </object_component>
      <object_component id="oc-2f9">
         <name>.debug_info</name>
         <load_address>0x18db9</load_address>
         <run_address>0x18db9</run_address>
         <size>0xa1</size>
      </object_component>
      <object_component id="oc-26b">
         <name>.debug_line</name>
         <load_address>0x0</load_address>
         <run_address>0x0</run_address>
         <size>0x5e</size>
         <input_file_ref idref="fl-2"/>
      </object_component>
      <object_component id="oc-29d">
         <name>.debug_line</name>
         <load_address>0x5e</load_address>
         <run_address>0x5e</run_address>
         <size>0x33</size>
         <input_file_ref idref="fl-2"/>
      </object_component>
      <object_component id="oc-29b">
         <name>.debug_line</name>
         <load_address>0x91</load_address>
         <run_address>0x91</run_address>
         <size>0x33</size>
         <input_file_ref idref="fl-2"/>
      </object_component>
      <object_component id="oc-159">
         <name>.debug_line</name>
         <load_address>0xc4</load_address>
         <run_address>0xc4</run_address>
         <size>0x2d7</size>
         <input_file_ref idref="fl-2"/>
      </object_component>
      <object_component id="oc-23">
         <name>.debug_line</name>
         <load_address>0x39b</load_address>
         <run_address>0x39b</run_address>
         <size>0x68</size>
         <input_file_ref idref="fl-2"/>
      </object_component>
      <object_component id="oc-1c4">
         <name>.debug_line</name>
         <load_address>0x403</load_address>
         <run_address>0x403</run_address>
         <size>0x62</size>
         <input_file_ref idref="fl-2"/>
      </object_component>
      <object_component id="oc-181">
         <name>.debug_line</name>
         <load_address>0x465</load_address>
         <run_address>0x465</run_address>
         <size>0x6f</size>
         <input_file_ref idref="fl-2"/>
      </object_component>
      <object_component id="oc-b7">
         <name>.debug_line</name>
         <load_address>0x4d4</load_address>
         <run_address>0x4d4</run_address>
         <size>0x67</size>
         <input_file_ref idref="fl-2"/>
      </object_component>
      <object_component id="oc-cf">
         <name>.debug_line</name>
         <load_address>0x53b</load_address>
         <run_address>0x53b</run_address>
         <size>0x20</size>
         <input_file_ref idref="fl-2"/>
      </object_component>
      <object_component id="oc-ca">
         <name>.debug_line</name>
         <load_address>0x55b</load_address>
         <run_address>0x55b</run_address>
         <size>0x62</size>
         <input_file_ref idref="fl-2"/>
      </object_component>
      <object_component id="oc-24f">
         <name>.debug_line</name>
         <load_address>0x5bd</load_address>
         <run_address>0x5bd</run_address>
         <size>0x73</size>
         <input_file_ref idref="fl-2"/>
      </object_component>
      <object_component id="oc-169">
         <name>.debug_line</name>
         <load_address>0x630</load_address>
         <run_address>0x630</run_address>
         <size>0x70</size>
         <input_file_ref idref="fl-2"/>
      </object_component>
      <object_component id="oc-d4">
         <name>.debug_line</name>
         <load_address>0x6a0</load_address>
         <run_address>0x6a0</run_address>
         <size>0x65</size>
         <input_file_ref idref="fl-2"/>
      </object_component>
      <object_component id="oc-26f">
         <name>.debug_line</name>
         <load_address>0x705</load_address>
         <run_address>0x705</run_address>
         <size>0x5e</size>
         <input_file_ref idref="fl-2"/>
      </object_component>
      <object_component id="oc-19f">
         <name>.debug_line</name>
         <load_address>0x763</load_address>
         <run_address>0x763</run_address>
         <size>0x62</size>
         <input_file_ref idref="fl-2"/>
      </object_component>
      <object_component id="oc-c3">
         <name>.debug_line</name>
         <load_address>0x7c5</load_address>
         <run_address>0x7c5</run_address>
         <size>0x78</size>
         <input_file_ref idref="fl-3"/>
      </object_component>
      <object_component id="oc-272">
         <name>.debug_line</name>
         <load_address>0x83d</load_address>
         <run_address>0x83d</run_address>
         <size>0x20</size>
         <input_file_ref idref="fl-4"/>
      </object_component>
      <object_component id="oc-87">
         <name>.debug_line</name>
         <load_address>0x85d</load_address>
         <run_address>0x85d</run_address>
         <size>0x1ea</size>
         <input_file_ref idref="fl-4"/>
      </object_component>
      <object_component id="oc-63">
         <name>.debug_line</name>
         <load_address>0xa47</load_address>
         <run_address>0xa47</run_address>
         <size>0x20</size>
         <input_file_ref idref="fl-4"/>
      </object_component>
      <object_component id="oc-f7">
         <name>.debug_line</name>
         <load_address>0xa67</load_address>
         <run_address>0xa67</run_address>
         <size>0x71</size>
         <input_file_ref idref="fl-4"/>
      </object_component>
      <object_component id="oc-206">
         <name>.debug_line</name>
         <load_address>0xad8</load_address>
         <run_address>0xad8</run_address>
         <size>0x5e</size>
         <input_file_ref idref="fl-5"/>
      </object_component>
      <object_component id="oc-9b">
         <name>.debug_line</name>
         <load_address>0xb36</load_address>
         <run_address>0xb36</run_address>
         <size>0x26b</size>
         <input_file_ref idref="fl-5"/>
      </object_component>
      <object_component id="oc-2c">
         <name>.debug_line</name>
         <load_address>0xda1</load_address>
         <run_address>0xda1</run_address>
         <size>0x63</size>
         <input_file_ref idref="fl-5"/>
      </object_component>
      <object_component id="oc-186">
         <name>.debug_line</name>
         <load_address>0xe04</load_address>
         <run_address>0xe04</run_address>
         <size>0x62</size>
         <input_file_ref idref="fl-5"/>
      </object_component>
      <object_component id="oc-10d">
         <name>.debug_line</name>
         <load_address>0xe66</load_address>
         <run_address>0xe66</run_address>
         <size>0x5e</size>
         <input_file_ref idref="fl-5"/>
      </object_component>
      <object_component id="oc-2ad">
         <name>.debug_line</name>
         <load_address>0xec4</load_address>
         <run_address>0xec4</run_address>
         <size>0x20</size>
         <input_file_ref idref="fl-6"/>
      </object_component>
      <object_component id="oc-219">
         <name>.debug_line</name>
         <load_address>0xee4</load_address>
         <run_address>0xee4</run_address>
         <size>0x17b</size>
         <input_file_ref idref="fl-6"/>
      </object_component>
      <object_component id="oc-190">
         <name>.debug_line</name>
         <load_address>0x105f</load_address>
         <run_address>0x105f</run_address>
         <size>0x62</size>
         <input_file_ref idref="fl-6"/>
      </object_component>
      <object_component id="oc-2b1">
         <name>.debug_line</name>
         <load_address>0x10c1</load_address>
         <run_address>0x10c1</run_address>
         <size>0x5e</size>
         <input_file_ref idref="fl-6"/>
      </object_component>
      <object_component id="oc-14b">
         <name>.debug_line</name>
         <load_address>0x111f</load_address>
         <run_address>0x111f</run_address>
         <size>0x11c</size>
         <input_file_ref idref="fl-7"/>
      </object_component>
      <object_component id="oc-222">
         <name>.debug_line</name>
         <load_address>0x123b</load_address>
         <run_address>0x123b</run_address>
         <size>0x39</size>
         <input_file_ref idref="fl-7"/>
      </object_component>
      <object_component id="oc-25d">
         <name>.debug_line</name>
         <load_address>0x1274</load_address>
         <run_address>0x1274</run_address>
         <size>0x20</size>
         <input_file_ref idref="fl-8"/>
      </object_component>
      <object_component id="oc-b2">
         <name>.debug_line</name>
         <load_address>0x1294</load_address>
         <run_address>0x1294</run_address>
         <size>0xfe</size>
         <input_file_ref idref="fl-8"/>
      </object_component>
      <object_component id="oc-1c9">
         <name>.debug_line</name>
         <load_address>0x1392</load_address>
         <run_address>0x1392</run_address>
         <size>0x65</size>
         <input_file_ref idref="fl-8"/>
      </object_component>
      <object_component id="oc-1ce">
         <name>.debug_line</name>
         <load_address>0x13f7</load_address>
         <run_address>0x13f7</run_address>
         <size>0x62</size>
         <input_file_ref idref="fl-8"/>
      </object_component>
      <object_component id="oc-23e">
         <name>.debug_line</name>
         <load_address>0x1459</load_address>
         <run_address>0x1459</run_address>
         <size>0x62</size>
         <input_file_ref idref="fl-8"/>
      </object_component>
      <object_component id="oc-243">
         <name>.debug_line</name>
         <load_address>0x14bb</load_address>
         <run_address>0x14bb</run_address>
         <size>0x62</size>
         <input_file_ref idref="fl-8"/>
      </object_component>
      <object_component id="oc-16e">
         <name>.debug_line</name>
         <load_address>0x151d</load_address>
         <run_address>0x151d</run_address>
         <size>0x62</size>
         <input_file_ref idref="fl-8"/>
      </object_component>
      <object_component id="oc-1b7">
         <name>.debug_line</name>
         <load_address>0x157f</load_address>
         <run_address>0x157f</run_address>
         <size>0x6b</size>
         <input_file_ref idref="fl-8"/>
      </object_component>
      <object_component id="oc-1d3">
         <name>.debug_line</name>
         <load_address>0x15ea</load_address>
         <run_address>0x15ea</run_address>
         <size>0x74</size>
         <input_file_ref idref="fl-8"/>
      </object_component>
      <object_component id="oc-1d8">
         <name>.debug_line</name>
         <load_address>0x165e</load_address>
         <run_address>0x165e</run_address>
         <size>0x62</size>
         <input_file_ref idref="fl-8"/>
      </object_component>
      <object_component id="oc-203">
         <name>.debug_line</name>
         <load_address>0x16c0</load_address>
         <run_address>0x16c0</run_address>
         <size>0x67</size>
         <input_file_ref idref="fl-8"/>
      </object_component>
      <object_component id="oc-22f">
         <name>.debug_line</name>
         <load_address>0x1727</load_address>
         <run_address>0x1727</run_address>
         <size>0x5e</size>
         <input_file_ref idref="fl-8"/>
      </object_component>
      <object_component id="oc-1dd">
         <name>.debug_line</name>
         <load_address>0x1785</load_address>
         <run_address>0x1785</run_address>
         <size>0x62</size>
         <input_file_ref idref="fl-8"/>
      </object_component>
      <object_component id="oc-18b">
         <name>.debug_line</name>
         <load_address>0x17e7</load_address>
         <run_address>0x17e7</run_address>
         <size>0x64</size>
         <input_file_ref idref="fl-8"/>
      </object_component>
      <object_component id="oc-1f6">
         <name>.debug_line</name>
         <load_address>0x184b</load_address>
         <run_address>0x184b</run_address>
         <size>0x61</size>
         <input_file_ref idref="fl-8"/>
      </object_component>
      <object_component id="oc-1e2">
         <name>.debug_line</name>
         <load_address>0x18ac</load_address>
         <run_address>0x18ac</run_address>
         <size>0x62</size>
         <input_file_ref idref="fl-8"/>
      </object_component>
      <object_component id="oc-1ec">
         <name>.debug_line</name>
         <load_address>0x190e</load_address>
         <run_address>0x190e</run_address>
         <size>0x64</size>
         <input_file_ref idref="fl-8"/>
      </object_component>
      <object_component id="oc-248">
         <name>.debug_line</name>
         <load_address>0x1972</load_address>
         <run_address>0x1972</run_address>
         <size>0x62</size>
         <input_file_ref idref="fl-8"/>
      </object_component>
      <object_component id="oc-268">
         <name>.debug_line</name>
         <load_address>0x19d4</load_address>
         <run_address>0x19d4</run_address>
         <size>0x5e</size>
         <input_file_ref idref="fl-8"/>
      </object_component>
      <object_component id="oc-1fb">
         <name>.debug_line</name>
         <load_address>0x1a32</load_address>
         <run_address>0x1a32</run_address>
         <size>0x62</size>
         <input_file_ref idref="fl-8"/>
      </object_component>
      <object_component id="oc-195">
         <name>.debug_line</name>
         <load_address>0x1a94</load_address>
         <run_address>0x1a94</run_address>
         <size>0x65</size>
         <input_file_ref idref="fl-8"/>
      </object_component>
      <object_component id="oc-19a">
         <name>.debug_line</name>
         <load_address>0x1af9</load_address>
         <run_address>0x1af9</run_address>
         <size>0x64</size>
         <input_file_ref idref="fl-8"/>
      </object_component>
      <object_component id="oc-274">
         <name>.debug_line</name>
         <load_address>0x1b5d</load_address>
         <run_address>0x1b5d</run_address>
         <size>0x20</size>
         <input_file_ref idref="fl-9"/>
      </object_component>
      <object_component id="oc-fb">
         <name>.debug_line</name>
         <load_address>0x1b7d</load_address>
         <run_address>0x1b7d</run_address>
         <size>0xd6</size>
         <input_file_ref idref="fl-9"/>
      </object_component>
      <object_component id="oc-1e7">
         <name>.debug_line</name>
         <load_address>0x1c53</load_address>
         <run_address>0x1c53</run_address>
         <size>0x65</size>
         <input_file_ref idref="fl-9"/>
      </object_component>
      <object_component id="oc-278">
         <name>.debug_line</name>
         <load_address>0x1cb8</load_address>
         <run_address>0x1cb8</run_address>
         <size>0x61</size>
         <input_file_ref idref="fl-9"/>
      </object_component>
      <object_component id="oc-299">
         <name>.debug_line</name>
         <load_address>0x1d19</load_address>
         <run_address>0x1d19</run_address>
         <size>0x5e</size>
         <input_file_ref idref="fl-a"/>
      </object_component>
      <object_component id="oc-153">
         <name>.debug_line</name>
         <load_address>0x1d77</load_address>
         <run_address>0x1d77</run_address>
         <size>0x2d5</size>
         <input_file_ref idref="fl-a"/>
      </object_component>
      <object_component id="oc-35">
         <name>.debug_line</name>
         <load_address>0x204c</load_address>
         <run_address>0x204c</run_address>
         <size>0xa0</size>
         <input_file_ref idref="fl-a"/>
      </object_component>
      <object_component id="oc-25f">
         <name>.debug_line</name>
         <load_address>0x20ec</load_address>
         <run_address>0x20ec</run_address>
         <size>0xa7</size>
         <input_file_ref idref="fl-b"/>
      </object_component>
      <object_component id="oc-1a9">
         <name>.debug_line</name>
         <load_address>0x2193</load_address>
         <run_address>0x2193</run_address>
         <size>0x33</size>
         <input_file_ref idref="fl-b"/>
      </object_component>
      <object_component id="oc-151">
         <name>.debug_line</name>
         <load_address>0x21c6</load_address>
         <run_address>0x21c6</run_address>
         <size>0x2ae</size>
         <input_file_ref idref="fl-b"/>
      </object_component>
      <object_component id="oc-3b">
         <name>.debug_line</name>
         <load_address>0x2474</load_address>
         <run_address>0x2474</run_address>
         <size>0x8c</size>
         <input_file_ref idref="fl-b"/>
      </object_component>
      <object_component id="oc-263">
         <name>.debug_line</name>
         <load_address>0x2500</load_address>
         <run_address>0x2500</run_address>
         <size>0x33</size>
         <input_file_ref idref="fl-b"/>
      </object_component>
      <object_component id="oc-81">
         <name>.debug_line</name>
         <load_address>0x2533</load_address>
         <run_address>0x2533</run_address>
         <size>0x2e4</size>
         <input_file_ref idref="fl-c"/>
      </object_component>
      <object_component id="oc-28f">
         <name>.debug_line</name>
         <load_address>0x2817</load_address>
         <run_address>0x2817</run_address>
         <size>0x62</size>
         <input_file_ref idref="fl-d"/>
      </object_component>
      <object_component id="oc-145">
         <name>.debug_line</name>
         <load_address>0x2879</load_address>
         <run_address>0x2879</run_address>
         <size>0x234</size>
         <input_file_ref idref="fl-d"/>
      </object_component>
      <object_component id="oc-3e">
         <name>.debug_line</name>
         <load_address>0x2aad</load_address>
         <run_address>0x2aad</run_address>
         <size>0x55</size>
         <input_file_ref idref="fl-d"/>
      </object_component>
      <object_component id="oc-47">
         <name>.debug_line</name>
         <load_address>0x2b02</load_address>
         <run_address>0x2b02</run_address>
         <size>0x4f</size>
         <input_file_ref idref="fl-e"/>
      </object_component>
      <object_component id="oc-23a">
         <name>.debug_line</name>
         <load_address>0x2b51</load_address>
         <run_address>0x2b51</run_address>
         <size>0x190</size>
         <input_file_ref idref="fl-f"/>
      </object_component>
      <object_component id="oc-24b">
         <name>.debug_line</name>
         <load_address>0x2ce1</load_address>
         <run_address>0x2ce1</run_address>
         <size>0x38</size>
         <input_file_ref idref="fl-f"/>
      </object_component>
      <object_component id="oc-a6">
         <name>.debug_line</name>
         <load_address>0x2d19</load_address>
         <run_address>0x2d19</run_address>
         <size>0x125</size>
         <input_file_ref idref="fl-f"/>
      </object_component>
      <object_component id="oc-2b4">
         <name>.debug_line</name>
         <load_address>0x2e3e</load_address>
         <run_address>0x2e3e</run_address>
         <size>0x20</size>
         <input_file_ref idref="fl-11"/>
      </object_component>
      <object_component id="oc-2b8">
         <name>.debug_line</name>
         <load_address>0x2e5e</load_address>
         <run_address>0x2e5e</run_address>
         <size>0x62</size>
         <input_file_ref idref="fl-11"/>
      </object_component>
      <object_component id="oc-1f1">
         <name>.debug_line</name>
         <load_address>0x2ec0</load_address>
         <run_address>0x2ec0</run_address>
         <size>0x62</size>
         <input_file_ref idref="fl-11"/>
      </object_component>
      <object_component id="oc-4c">
         <name>.debug_line</name>
         <load_address>0x2f22</load_address>
         <run_address>0x2f22</run_address>
         <size>0x4b</size>
         <input_file_ref idref="fl-12"/>
      </object_component>
      <object_component id="oc-106">
         <name>.debug_line</name>
         <load_address>0x2f6d</load_address>
         <run_address>0x2f6d</run_address>
         <size>0x125</size>
         <input_file_ref idref="fl-14"/>
      </object_component>
      <object_component id="oc-1ff">
         <name>.debug_line</name>
         <load_address>0x3092</load_address>
         <run_address>0x3092</run_address>
         <size>0xec</size>
         <input_file_ref idref="fl-15"/>
      </object_component>
      <object_component id="oc-95">
         <name>.debug_line</name>
         <load_address>0x317e</load_address>
         <run_address>0x317e</run_address>
         <size>0xc46</size>
         <input_file_ref idref="fl-15"/>
      </object_component>
      <object_component id="oc-21">
         <name>.debug_line</name>
         <load_address>0x3dc4</load_address>
         <run_address>0x3dc4</run_address>
         <size>0xed</size>
         <input_file_ref idref="fl-16"/>
      </object_component>
      <object_component id="oc-8d">
         <name>.debug_line</name>
         <load_address>0x3eb1</load_address>
         <run_address>0x3eb1</run_address>
         <size>0x50</size>
         <input_file_ref idref="fl-16"/>
      </object_component>
      <object_component id="oc-17d">
         <name>.debug_line</name>
         <load_address>0x3f01</load_address>
         <run_address>0x3f01</run_address>
         <size>0xa0</size>
         <input_file_ref idref="fl-17"/>
      </object_component>
      <object_component id="oc-ab">
         <name>.debug_line</name>
         <load_address>0x3fa1</load_address>
         <run_address>0x3fa1</run_address>
         <size>0x37</size>
         <input_file_ref idref="fl-17"/>
      </object_component>
      <object_component id="oc-54">
         <name>.debug_line</name>
         <load_address>0x3fd8</load_address>
         <run_address>0x3fd8</run_address>
         <size>0x19c</size>
         <input_file_ref idref="fl-17"/>
      </object_component>
      <object_component id="oc-58">
         <name>.debug_line</name>
         <load_address>0x4174</load_address>
         <run_address>0x4174</run_address>
         <size>0x96</size>
         <input_file_ref idref="fl-17"/>
      </object_component>
      <object_component id="oc-1a4">
         <name>.debug_line</name>
         <load_address>0x420a</load_address>
         <run_address>0x420a</run_address>
         <size>0x37</size>
         <input_file_ref idref="fl-17"/>
      </object_component>
      <object_component id="oc-1c0">
         <name>.debug_line</name>
         <load_address>0x4241</load_address>
         <run_address>0x4241</run_address>
         <size>0xeb</size>
         <input_file_ref idref="fl-18"/>
      </object_component>
      <object_component id="oc-92">
         <name>.debug_line</name>
         <load_address>0x432c</load_address>
         <run_address>0x432c</run_address>
         <size>0x231</size>
         <input_file_ref idref="fl-18"/>
      </object_component>
      <object_component id="oc-2cc">
         <name>.debug_line</name>
         <load_address>0x455d</load_address>
         <run_address>0x455d</run_address>
         <size>0x20</size>
         <input_file_ref idref="fl-1d"/>
      </object_component>
      <object_component id="oc-228">
         <name>.debug_line</name>
         <load_address>0x457d</load_address>
         <run_address>0x457d</run_address>
         <size>0xc3</size>
         <input_file_ref idref="fl-1d"/>
      </object_component>
      <object_component id="oc-2c9">
         <name>.debug_line</name>
         <load_address>0x4640</load_address>
         <run_address>0x4640</run_address>
         <size>0x9a</size>
         <input_file_ref idref="fl-1d"/>
      </object_component>
      <object_component id="oc-295">
         <name>.debug_line</name>
         <load_address>0x46da</load_address>
         <run_address>0x46da</run_address>
         <size>0x97</size>
         <input_file_ref idref="fl-1d"/>
      </object_component>
      <object_component id="oc-67">
         <name>.debug_line</name>
         <load_address>0x4771</load_address>
         <run_address>0x4771</run_address>
         <size>0x88</size>
         <input_file_ref idref="fl-1e"/>
      </object_component>
      <object_component id="oc-f0">
         <name>.debug_line</name>
         <load_address>0x47f9</load_address>
         <run_address>0x47f9</run_address>
         <size>0x79</size>
         <input_file_ref idref="fl-1f"/>
      </object_component>
      <object_component id="oc-27c">
         <name>.debug_line</name>
         <load_address>0x4872</load_address>
         <run_address>0x4872</run_address>
         <size>0xbf</size>
         <input_file_ref idref="fl-20"/>
      </object_component>
      <object_component id="oc-111">
         <name>.debug_line</name>
         <load_address>0x4931</load_address>
         <run_address>0x4931</run_address>
         <size>0x75</size>
         <input_file_ref idref="fl-20"/>
      </object_component>
      <object_component id="oc-280">
         <name>.debug_line</name>
         <load_address>0x49a6</load_address>
         <run_address>0x49a6</run_address>
         <size>0x2e</size>
         <input_file_ref idref="fl-20"/>
      </object_component>
      <object_component id="oc-2bd">
         <name>.debug_line</name>
         <load_address>0x49d4</load_address>
         <run_address>0x49d4</run_address>
         <size>0x9a</size>
         <input_file_ref idref="fl-20"/>
      </object_component>
      <object_component id="oc-285">
         <name>.debug_line</name>
         <load_address>0x4a6e</load_address>
         <run_address>0x4a6e</run_address>
         <size>0x97</size>
         <input_file_ref idref="fl-20"/>
      </object_component>
      <object_component id="oc-28a">
         <name>.debug_line</name>
         <load_address>0x4b05</load_address>
         <run_address>0x4b05</run_address>
         <size>0x93</size>
         <input_file_ref idref="fl-20"/>
      </object_component>
      <object_component id="oc-1ba">
         <name>.debug_line</name>
         <load_address>0x4b98</load_address>
         <run_address>0x4b98</run_address>
         <size>0x92</size>
         <input_file_ref idref="fl-22"/>
      </object_component>
      <object_component id="oc-75">
         <name>.debug_line</name>
         <load_address>0x4c2a</load_address>
         <run_address>0x4c2a</run_address>
         <size>0x4c</size>
         <input_file_ref idref="fl-22"/>
      </object_component>
      <object_component id="oc-e9">
         <name>.debug_line</name>
         <load_address>0x4c76</load_address>
         <run_address>0x4c76</run_address>
         <size>0x34</size>
         <input_file_ref idref="fl-22"/>
      </object_component>
      <object_component id="oc-e4">
         <name>.debug_line</name>
         <load_address>0x4caa</load_address>
         <run_address>0x4caa</run_address>
         <size>0x20</size>
         <input_file_ref idref="fl-23"/>
      </object_component>
      <object_component id="oc-1a">
         <name>.debug_line</name>
         <load_address>0x4cca</load_address>
         <run_address>0x4cca</run_address>
         <size>0x58</size>
         <input_file_ref idref="fl-23"/>
      </object_component>
      <object_component id="oc-6e">
         <name>.debug_line</name>
         <load_address>0x4d22</load_address>
         <run_address>0x4d22</run_address>
         <size>0x3a</size>
         <input_file_ref idref="fl-23"/>
      </object_component>
      <object_component id="oc-e1">
         <name>.debug_line</name>
         <load_address>0x4d5c</load_address>
         <run_address>0x4d5c</run_address>
         <size>0x92</size>
         <input_file_ref idref="fl-23"/>
      </object_component>
      <object_component id="oc-1b3">
         <name>.debug_line</name>
         <load_address>0x4dee</load_address>
         <run_address>0x4dee</run_address>
         <size>0x20</size>
         <input_file_ref idref="fl-24"/>
      </object_component>
      <object_component id="oc-13">
         <name>.debug_line</name>
         <load_address>0x4e0e</load_address>
         <run_address>0x4e0e</run_address>
         <size>0xb2</size>
         <input_file_ref idref="fl-24"/>
      </object_component>
      <object_component id="oc-5e">
         <name>.debug_line</name>
         <load_address>0x4ec0</load_address>
         <run_address>0x4ec0</run_address>
         <size>0x3a</size>
         <input_file_ref idref="fl-24"/>
      </object_component>
      <object_component id="oc-1b0">
         <name>.debug_line</name>
         <load_address>0x4efa</load_address>
         <run_address>0x4efa</run_address>
         <size>0x9a</size>
         <input_file_ref idref="fl-24"/>
      </object_component>
      <object_component id="oc-da">
         <name>.debug_line</name>
         <load_address>0x4f94</load_address>
         <run_address>0x4f94</run_address>
         <size>0x96</size>
         <input_file_ref idref="fl-24"/>
      </object_component>
      <object_component id="oc-174">
         <name>.debug_line</name>
         <load_address>0x502a</load_address>
         <run_address>0x502a</run_address>
         <size>0x3c</size>
         <input_file_ref idref="fl-25"/>
      </object_component>
      <object_component id="oc-15d">
         <name>.debug_frame</name>
         <load_address>0x0</load_address>
         <run_address>0x0</run_address>
         <size>0x1a0</size>
         <input_file_ref idref="fl-2"/>
      </object_component>
      <object_component id="oc-27">
         <name>.debug_frame</name>
         <load_address>0x1a0</load_address>
         <run_address>0x1a0</run_address>
         <size>0x118</size>
         <input_file_ref idref="fl-2"/>
      </object_component>
      <object_component id="oc-86">
         <name>.debug_frame</name>
         <load_address>0x2b8</load_address>
         <run_address>0x2b8</run_address>
         <size>0xd0</size>
         <input_file_ref idref="fl-4"/>
      </object_component>
      <object_component id="oc-9f">
         <name>.debug_frame</name>
         <load_address>0x388</load_address>
         <run_address>0x388</run_address>
         <size>0x1cc</size>
         <input_file_ref idref="fl-5"/>
      </object_component>
      <object_component id="oc-30">
         <name>.debug_frame</name>
         <load_address>0x554</load_address>
         <run_address>0x554</run_address>
         <size>0xb0</size>
         <input_file_ref idref="fl-5"/>
      </object_component>
      <object_component id="oc-21d">
         <name>.debug_frame</name>
         <load_address>0x604</load_address>
         <run_address>0x604</run_address>
         <size>0x12c</size>
         <input_file_ref idref="fl-6"/>
      </object_component>
      <object_component id="oc-147">
         <name>.debug_frame</name>
         <load_address>0x730</load_address>
         <run_address>0x730</run_address>
         <size>0xa8</size>
         <input_file_ref idref="fl-7"/>
      </object_component>
      <object_component id="oc-b1">
         <name>.debug_frame</name>
         <load_address>0x7d8</load_address>
         <run_address>0x7d8</run_address>
         <size>0x118</size>
         <input_file_ref idref="fl-8"/>
      </object_component>
      <object_component id="oc-ff">
         <name>.debug_frame</name>
         <load_address>0x8f0</load_address>
         <run_address>0x8f0</run_address>
         <size>0x6c</size>
         <input_file_ref idref="fl-9"/>
      </object_component>
      <object_component id="oc-157">
         <name>.debug_frame</name>
         <load_address>0x95c</load_address>
         <run_address>0x95c</run_address>
         <size>0x220</size>
         <input_file_ref idref="fl-a"/>
      </object_component>
      <object_component id="oc-36">
         <name>.debug_frame</name>
         <load_address>0xb7c</load_address>
         <run_address>0xb7c</run_address>
         <size>0x1f0</size>
         <input_file_ref idref="fl-a"/>
      </object_component>
      <object_component id="oc-150">
         <name>.debug_frame</name>
         <load_address>0xd6c</load_address>
         <run_address>0xd6c</run_address>
         <size>0x1f0</size>
         <input_file_ref idref="fl-b"/>
      </object_component>
      <object_component id="oc-3c">
         <name>.debug_frame</name>
         <load_address>0xf5c</load_address>
         <run_address>0xf5c</run_address>
         <size>0xb0</size>
         <input_file_ref idref="fl-b"/>
      </object_component>
      <object_component id="oc-141">
         <name>.debug_frame</name>
         <load_address>0x100c</load_address>
         <run_address>0x100c</run_address>
         <size>0x1a4</size>
[...]
      </symbol>
      <symbol id="sm-4a1">
         <name>dmaDefineRegion</name>
         <value>0x61ec</value>
         <object_component_ref idref="oc-140"/>
      </symbol>
      <symbol id="sm-4a2">
         <name>dmaDisableInterrupt</name>
         <value>0x614c</value>
         <object_component_ref idref="oc-140"/>
      </symbol>
      <symbol id="sm-4a3">
         <name>dmaDisableRegion</name>
         <value>0x62c4</value>
         <object_component_ref idref="oc-140"/>
      </symbol>
      <symbol id="sm-4a4">
         <name>dmaSetPriority</name>
         <value>0x604c</value>
         <object_component_ref idref="oc-140"/>
      </symbol>
      <symbol id="sm-4a5">
         <name>dmaDisableParityCheck</name>
         <value>0x6300</value>
         <object_component_ref idref="oc-140"/>
      </symbol>
      <symbol id="sm-4a6">
         <name>dmaEnable</name>
         <value>0x5dfc</value>
         <object_component_ref idref="oc-140"/>
      </symbol>
      <symbol id="sm-4a7">
         <name>dmaSetCtrlPacket</name>
         <value>0x5ec8</value>
         <object_component_ref idref="oc-140"/>
      </symbol>
      <symbol id="sm-4a8">
         <name>dmaGetReq</name>
         <value>0x5e90</value>
         <object_component_ref idref="oc-140"/>
      </symbol>
      <symbol id="sm-4a9">
         <name>dmaEnableParityCheck</name>
         <value>0x62f0</value>
         <object_component_ref idref="oc-140"/>
      </symbol>
      <symbol id="sm-4b5">
         <name>resetEntry</name>
         <value>0x0</value>
         <object_component_ref idref="oc-43"/>
      </symbol>
      <symbol id="sm-4ed">
         <name>adc_values</name>
         <value>0x800156c</value>
      </symbol>
      <symbol id="sm-4ee">
         <name>g_dmaCTRLPKT</name>
         <value>0x8001500</value>
      </symbol>
      <symbol id="sm-4ef">
         <name>dmaConfig_ADC_Event</name>
         <value>0x824c</value>
         <object_component_ref idref="oc-a1"/>
      </symbol>
      <symbol id="sm-4f0">
         <name>rtiNotification</name>
         <value>0x84f0</value>
         <object_component_ref idref="oc-a1"/>
      </symbol>
      <symbol id="sm-4f1">
         <name>adcConfig_Event_DMA</name>
         <value>0x8374</value>
         <object_component_ref idref="oc-a1"/>
      </symbol>
      <symbol id="sm-4f2">
         <name>main</name>
         <value>0x8390</value>
         <object_component_ref idref="oc-a1"/>
      </symbol>
      <symbol id="sm-4f3">
         <name>flag</name>
         <value>0x800158c</value>
         <object_component_ref idref="oc-162"/>
      </symbol>
      <symbol id="sm-4f4">
         <name>dmaGroupANotification</name>
         <value>0x8480</value>
         <object_component_ref idref="oc-a1"/>
      </symbol>
      <symbol id="sm-4f5">
         <name>adcNotification</name>
         <value>0x84b8</value>
         <object_component_ref idref="oc-a1"/>
      </symbol>
      <symbol id="sm-50e">
         <name>phantomInterrupt</name>
         <value>0x9564</value>
         <object_component_ref idref="oc-48"/>
      </symbol>
      <symbol id="sm-518">
         <name>_pmuResetCounters_</name>
         <value>0x9154</value>
         <object_component_ref idref="oc-102"/>
      </symbol>
      <symbol id="sm-519">
         <name>_pmuGetEventCount_</name>
         <value>0x9188</value>
         <object_component_ref idref="oc-102"/>
      </symbol>
      <symbol id="sm-51a">
         <name>_pmuResetEventCounters_</name>
         <value>0x9144</value>
         <object_component_ref idref="oc-102"/>
      </symbol>
      <symbol id="sm-51b">
         <name>_pmuStopCounters_</name>
         <value>0x916c</value>
         <object_component_ref idref="oc-102"/>
      </symbol>
      <symbol id="sm-51c">
         <name>_pmuInit_</name>
         <value>0x90c8</value>
         <object_component_ref idref="oc-102"/>
      </symbol>
      <symbol id="sm-51d">
         <name>_pmuGetOverflow_</name>
         <value>0x9194</value>
         <object_component_ref idref="oc-102"/>
      </symbol>
      <symbol id="sm-51e">
         <name>_pmuResetCycleCounter_</name>
         <value>0x9134</value>
         <object_component_ref idref="oc-102"/>
      </symbol>
      <symbol id="sm-51f">
         <name>_pmuSetCountEvent_</name>
         <value>0x9174</value>
         <object_component_ref idref="oc-102"/>
      </symbol>
      <symbol id="sm-520">
         <name>_pmuGetCycleCount_</name>
         <value>0x9180</value>
         <object_component_ref idref="oc-102"/>
      </symbol>
      <symbol id="sm-521">
         <name>_pmuEnableCountersGlobal_</name>
         <value>0x9114</value>
         <object_component_ref idref="oc-102"/>
      </symbol>
      <symbol id="sm-522">
         <name>_pmuDisableCountersGlobal_</name>
         <value>0x9124</value>
         <object_component_ref idref="oc-102"/>
      </symbol>
      <symbol id="sm-523">
         <name>_pmuStartCounters_</name>
         <value>0x9164</value>
         <object_component_ref idref="oc-102"/>
      </symbol>
      <symbol id="sm-6e3">
         <name>pbistSelfCheck</name>
         <value>0x2cc</value>
         <object_component_ref idref="oc-94"/>
      </symbol>
      <symbol id="sm-6e4">
         <name>fmcBus1ParityCheck</name>
         <value>0x22c4</value>
         <object_component_ref idref="oc-94"/>
      </symbol>
      <symbol id="sm-6e5">
         <name>can1ParityCheck</name>
         <value>0x1410</value>
         <object_component_ref idref="oc-94"/>
      </symbol>
      <symbol id="sm-6e6">
         <name>enableParity</name>
         <value>0x2ad0</value>
         <object_component_ref idref="oc-94"/>
      </symbol>
      <symbol id="sm-6e7">
         <name>dmaParityCheck</name>
         <value>0xeac</value>
         <object_component_ref idref="oc-94"/>
      </symbol>
      <symbol id="sm-6e8">
         <name>custom_dabort</name>
         <value>0xdf4</value>
         <object_component_ref idref="oc-94"/>
      </symbol>
      <symbol id="sm-6e9">
         <name>memoryInit</name>
         <value>0x174</value>
         <object_component_ref idref="oc-94"/>
      </symbol>
      <symbol id="sm-6ea">
         <name>stcSelfCheck</name>
         <value>0x1b8</value>
         <object_component_ref idref="oc-94"/>
      </symbol>
      <symbol id="sm-6eb">
         <name>efcGetConfigValue</name>
         <value>0x2660</value>
         <object_component_ref idref="oc-94"/>
      </symbol>
      <symbol id="sm-6ec">
         <name>can2ParityCheck</name>
         <value>0x14e8</value>
         <object_component_ref idref="oc-94"/>
      </symbol>
      <symbol id="sm-6ed">
         <name>het1ParityCheck</name>
         <value>0xf58</value>
         <object_component_ref idref="oc-94"/>
      </symbol>
      <symbol id="sm-6ee">
         <name>adc1ParityCheck</name>
         <value>0x126c</value>
         <object_component_ref idref="oc-94"/>
      </symbol>
      <symbol id="sm-6ef">
         <name>checkefcSelfTest</name>
         <value>0x7bc</value>
         <object_component_ref idref="oc-94"/>
      </symbol>
      <symbol id="sm-6f0">
         <name>checkRAMECC</name>
         <value>0x19d0</value>
         <object_component_ref idref="oc-94"/>
      </symbol>
      <symbol id="sm-6f1">
         <name>stcSelfCheckFail</name>
         <value>0xdf8</value>
         <object_component_ref idref="oc-94"/>
      </symbol>
      <symbol id="sm-6f2">
         <name>ccmSelfCheck</name>
         <value>0x30</value>
         <object_component_ref idref="oc-94"/>
      </symbol>
      <symbol id="sm-6f3">
         <name>efcCheck</name>
         <value>0x660</value>
         <object_component_ref idref="oc-94"/>
      </symbol>
      <symbol id="sm-6f4">
         <name>het2ParityCheck</name>
         <value>0x10c0</value>
         <object_component_ref idref="oc-94"/>
      </symbol>
      <symbol id="sm-6f5">
         <name>adc2ParityCheck</name>
         <value>0x1358</value>
         <object_component_ref idref="oc-94"/>
      </symbol>
      <symbol id="sm-6f6">
         <name>cpuSelfTest</name>
         <value>0x234</value>
         <object_component_ref idref="oc-94"/>
      </symbol>
      <symbol id="sm-6f7">
         <name>htu1ParityCheck</name>
         <value>0x1004</value>
         <object_component_ref idref="oc-94"/>
      </symbol>
      <symbol id="sm-6f8">
         <name>checkFlashECC</name>
         <value>0xd18</value>
         <object_component_ref idref="oc-94"/>
      </symbol>
      <symbol id="sm-6f9">
         <name>cpuSelfTestFail</name>
         <value>0xdfc</value>
         <object_component_ref idref="oc-94"/>
      </symbol>
      <symbol id="sm-6fa">
         <name>checkPLL1Slip</name>
         <value>0x1e8c</value>
         <object_component_ref idref="oc-94"/>
      </symbol>
      <symbol id="sm-6fb">
         <name>mibspi1ParityCheck</name>
         <value>0x1684</value>
         <object_component_ref idref="oc-94"/>
      </symbol>
      <symbol id="sm-6fc">
         <name>ccmr4GetConfigValue</name>
         <value>0x26fc</value>
         <object_component_ref idref="oc-94"/>
      </symbol>
      <symbol id="sm-6fd">
         <name>htu2ParityCheck</name>
         <value>0x11bc</value>
         <object_component_ref idref="oc-94"/>
      </symbol>
      <symbol id="sm-6fe">
         <name>pbistPortTestStatus</name>
         <value>0x608</value>
         <object_component_ref idref="oc-94"/>
      </symbol>
      <symbol id="sm-6ff">
         <name>checkFlashEEPROMECC</name>
         <value>0x1cf4</value>
         <object_component_ref idref="oc-94"/>
      </symbol>
      <symbol id="sm-700">
         <name>pbistGetConfigValue</name>
         <value>0x2470</value>
         <object_component_ref idref="oc-94"/>
      </symbol>
      <symbol id="sm-701">
         <name>vimParityCheck</name>
         <value>0xe00</value>
         <object_component_ref idref="oc-94"/>
      </symbol>
      <symbol id="sm-702">
         <name>pbistIsTestCompleted</name>
         <value>0x5a8</value>
         <object_component_ref idref="oc-94"/>
      </symbol>
      <symbol id="sm-703">
         <name>disableParity</name>
         <value>0x2b58</value>
         <object_component_ref idref="oc-94"/>
      </symbol>
      <symbol id="sm-704">
         <name>pbistRun</name>
         <value>0x4ac</value>
         <object_component_ref idref="oc-94"/>
      </symbol>
      <symbol id="sm-705">
         <name>pbistFail</name>
         <value>0x23ec</value>
         <object_component_ref idref="oc-94"/>
      </symbol>
      <symbol id="sm-706">
         <name>selftestFailNotification</name>
         <value>0x20</value>
         <object_component_ref idref="oc-94"/>
      </symbol>
      <symbol id="sm-707">
         <name>errata_PBIST_4</name>
         <value>0x276c</value>
         <object_component_ref idref="oc-94"/>
      </symbol>
      <symbol id="sm-708">
         <name>mibspi3ParityCheck</name>
         <value>0x178c</value>
         <object_component_ref idref="oc-94"/>
      </symbol>
      <symbol id="sm-709">
         <name>efcSelfTest</name>
         <value>0x794</value>
         <object_component_ref idref="oc-94"/>
      </symbol>
      <symbol id="sm-70a">
         <name>checkB1RAMECC</name>
         <value>0xb28</value>
         <object_component_ref idref="oc-94"/>
      </symbol>
      <symbol id="sm-70b">
         <name>pbistStop</name>
         <value>0x578</value>
         <object_component_ref idref="oc-94"/>
      </symbol>
      <symbol id="sm-70c">
         <name>can3ParityCheck</name>
         <value>0x15b0</value>
         <object_component_ref idref="oc-94"/>
      </symbol>
      <symbol id="sm-70d">
         <name>checkRAMAddrParity</name>
         <value>0x2050</value>
         <object_component_ref idref="oc-94"/>
      </symbol>
      <symbol id="sm-70e">
         <name>mibspi5ParityCheck</name>
         <value>0x18b0</value>
         <object_component_ref idref="oc-94"/>
      </symbol>
      <symbol id="sm-70f">
         <name>checkB0RAMECC</name>
         <value>0x938</value>
         <object_component_ref idref="oc-94"/>
      </symbol>
      <symbol id="sm-710">
         <name>stcGetConfigValue</name>
         <value>0x25bc</value>
         <object_component_ref idref="oc-94"/>
      </symbol>
      <symbol id="sm-711">
         <name>pbistIsTestPassed</name>
         <value>0x5d4</value>
         <object_component_ref idref="oc-94"/>
      </symbol>
      <symbol id="sm-712">
         <name>checkClockMonitor</name>
         <value>0x1c18</value>
         <object_component_ref idref="oc-94"/>
      </symbol>
      <symbol id="sm-713">
         <name>fmcECCcheck</name>
         <value>0x898</value>
         <object_component_ref idref="oc-94"/>
      </symbol>
      <symbol id="sm-714">
         <name>fmcBus2Check</name>
         <value>0x85c</value>
         <object_component_ref idref="oc-94"/>
      </symbol>
      <symbol id="sm-715">
         <name>checkRAMUERRTest</name>
         <value>0x215c</value>
         <object_component_ref idref="oc-94"/>
      </symbol>
      <symbol id="sm-716">
         <name>efcStuckZeroTest</name>
         <value>0x6e8</value>
         <object_component_ref idref="oc-94"/>
      </symbol>
      <symbol id="sm-717">
         <name>checkPLL2Slip</name>
         <value>0x1f8c</value>
         <object_component_ref idref="oc-94"/>
      </symbol>
      <symbol id="sm-749">
         <name>_c_int00</name>
         <value>0x883c</value>
         <object_component_ref idref="oc-1c"/>
      </symbol>
      <symbol id="sm-74a">
         <name>handlePLLLockFail</name>
         <value>0x9568</value>
         <object_component_ref idref="oc-88"/>
      </symbol>
      <symbol id="sm-7f9">
         <name>vimChannelMap</name>
         <value>0x4420</value>
         <object_component_ref idref="oc-4f"/>
      </symbol>
      <symbol id="sm-7fa">
         <name>vimInit</name>
         <value>0x434c</value>
         <object_component_ref idref="oc-4f"/>
      </symbol>
      <symbol id="sm-7fb">
         <name>vimEnableInterrupt</name>
         <value>0x44c4</value>
         <object_component_ref idref="oc-4f"/>
      </symbol>
      <symbol id="sm-7fc">
         <name>vimDisableInterrupt</name>
         <value>0x468c</value>
         <object_component_ref idref="oc-4f"/>
      </symbol>
      <symbol id="sm-7fd">
         <name>vimGetConfigValue</name>
         <value>0x4738</value>
         <object_component_ref idref="oc-4f"/>
      </symbol>
      <symbol id="sm-7fe">
         <name>vimParityErrorHandler</name>
         <value>0x8570</value>
         <object_component_ref idref="oc-4e"/>
      </symbol>
      <symbol id="sm-859">
         <name>systemGetConfigValue</name>
         <value>0x3088</value>
         <object_component_ref idref="oc-8e"/>
      </symbol>
      <symbol id="sm-85a">
         <name>trimLPO</name>
         <value>0x2d5c</value>
         <object_component_ref idref="oc-8e"/>
      </symbol>
      <symbol id="sm-85b">
         <name>systemInit</name>
         <value>0x2f8c</value>
         <object_component_ref idref="oc-8e"/>
      </symbol>
      <symbol id="sm-85c">
         <name>customTrimLPO</name>
         <value>0x3784</value>
         <object_component_ref idref="oc-8e"/>
      </symbol>
      <symbol id="sm-85d">
         <name>tcmflashGetConfigValue</name>
         <value>0x349c</value>
         <object_component_ref idref="oc-8e"/>
      </symbol>
      <symbol id="sm-85e">
         <name>sramGetConfigValue</name>
         <value>0x3648</value>
         <object_component_ref idref="oc-8e"/>
      </symbol>
      <symbol id="sm-85f">
         <name>periphInit</name>
         <value>0x2e10</value>
         <object_component_ref idref="oc-8e"/>
      </symbol>
      <symbol id="sm-860">
         <name>setupFlash</name>
         <value>0x2dd0</value>
         <object_component_ref idref="oc-8e"/>
      </symbol>
      <symbol id="sm-861">
         <name>setupPLL</name>
         <value>0x2cfc</value>
         <object_component_ref idref="oc-8e"/>
      </symbol>
      <symbol id="sm-862">
         <name>mapClocks</name>
         <value>0x2e64</value>
         <object_component_ref idref="oc-8e"/>
      </symbol>
      <symbol id="sm-863">
         <name>systemPowerDown</name>
         <value>0x3058</value>
         <object_component_ref idref="oc-8e"/>
      </symbol>
      <symbol id="sm-889">
         <name>floorl</name>
         <value>0x8fe9</value>
         <object_component_ref idref="oc-224"/>
      </symbol>
      <symbol id="sm-88a">
         <name>floor</name>
         <value>0x8fe9</value>
         <object_component_ref idref="oc-224"/>
      </symbol>
      <symbol id="sm-8a5">
         <name>memcpy</name>
         <value>0x9305</value>
         <object_component_ref idref="oc-65"/>
      </symbol>
      <symbol id="sm-8a6">
         <name>__aeabi_memcpy</name>
         <value>0x9305</value>
         <object_component_ref idref="oc-65"/>
      </symbol>
      <symbol id="sm-8a7">
         <name>__aeabi_memcpy8</name>
         <value>0x9305</value>
         <object_component_ref idref="oc-65"/>
      </symbol>
      <symbol id="sm-8a8">
         <name>__aeabi_memcpy4</name>
         <value>0x9305</value>
         <object_component_ref idref="oc-65"/>
      </symbol>
      <symbol id="sm-8b7">
         <name>__aeabi_memset</name>
         <value>0x93a3</value>
         <object_component_ref idref="oc-ec"/>
      </symbol>
      <symbol id="sm-8b8">
         <name>memset</name>
         <value>0x93a9</value>
         <object_component_ref idref="oc-ec"/>
      </symbol>
      <symbol id="sm-8b9">
         <name>__aeabi_memset8</name>
         <value>0x93a3</value>
         <object_component_ref idref="oc-ec"/>
      </symbol>
      <symbol id="sm-8ba">
         <name>__aeabi_memset4</name>
         <value>0x93a3</value>
         <object_component_ref idref="oc-ec"/>
      </symbol>
      <symbol id="sm-8bb">
         <name>__aeabi_memclr8</name>
         <value>0x93a1</value>
         <object_component_ref idref="oc-ec"/>
      </symbol>
      <symbol id="sm-8bc">
         <name>__aeabi_memclr4</name>
         <value>0x93a1</value>
         <object_component_ref idref="oc-ec"/>
      </symbol>
      <symbol id="sm-8bd">
         <name>__aeabi_memclr</name>
         <value>0x93a1</value>
         <object_component_ref idref="oc-ec"/>
      </symbol>
      <symbol id="sm-8e5">
         <name>__TI_auto_init_nobinit_nopinit</name>
         <value>0x94f1</value>
         <object_component_ref idref="oc-110"/>
      </symbol>
      <symbol id="sm-8fa">
         <name>__TI_zero_init_nomemset</name>
         <value>0x9535</value>
         <object_component_ref idref="oc-71"/>
      </symbol>
      <symbol id="sm-911">
         <name>__TI_decompress_none</name>
         <value>0x9551</value>
         <object_component_ref idref="oc-15"/>
      </symbol>
      <symbol id="sm-934">
         <name>__TI_decompress_lzss</name>
         <value>0x941b</value>
         <object_component_ref idref="oc-f"/>
      </symbol>
      <symbol id="sm-93f">
         <name>C$$EXIT</name>
         <value>0x955f</value>
         <object_component_ref idref="oc-170"/>
      </symbol>
      <symbol id="sm-940">
         <name>abort</name>
         <value>0x955f</value>
         <object_component_ref idref="oc-170"/>
      </symbol>
      <symbol id="sm-942">
         <name>__TI_static_base__</name>
         <value>0x0</value>
      </symbol>
      <symbol id="sm-945">
         <name>SHT$$INIT_ARRAY$$Base</name>
         <value>0x0</value>
      </symbol>
      <symbol id="sm-946">
         <name>SHT$$INIT_ARRAY$$Limit</name>
         <value>0x0</value>
      </symbol>
      <symbol id="sm-947">
         <name>_system_post_cinit</name>
         <value>0x0</value>
      </symbol>
   </symbol_table>
   <title>Link successful</title>
</link_info>
