******************************************************************************
                  TI ARM Linker PC v20.2.7                     
******************************************************************************
>> Linked Fri Feb 20 01:48:38 2026

OUTPUT FILE NAME:   <tms570_adc_test.out>
ENTRY POINT SYMBOL: "_c_int00"  address: 00008b7c


MEMORY CONFIGURATION

         name            origin    length      used     unused   attr    fill
----------------------  --------  ---------  --------  --------  ----  --------
  VECTORS               00000000   00000020  00000020  00000000     X
  FLASH0                00000020   0013ffe0  0000a830  001357b0  R  X
  STACKS                08000000   00001500  00000000  00001500  RW  
  RAM                   08001500   0002eb00  0000002d  0002ead3  RW  


SEGMENT ALLOCATION MAP

run origin  load origin   length   init length attrs members
----------  ----------- ---------- ----------- ----- -------
00000000    00000000    0000a850   0000a850    r-x
  00000000    00000000    00000020   00000020    r-x .intvecs
  00000020    00000020    0000a4cc   0000a4cc    r-x .text
  0000a4ec    0000a4ec    00000334   00000334    r-- .const
  0000a820    0000a820    00000030   00000030    r-- .cinit
08001500    08001500    0000002d   00000000    rw-
  08001500    08001500    00000028   00000000    rw- .bss
  08001528    08001528    00000005   00000000    rw- .data


SECTION ALLOCATION MAP

 output                                  attributes/
section   page    origin      length       input sections
--------  ----  ----------  ----------   ----------------
.intvecs   0    00000000    00000020     
                  00000000    00000020     sys_intvecs.obj (.intvecs)

.text      0    00000020    0000a4cc     
                  00000020    00002cdc     sys_selftest.obj (.text)
                  00002cfc    00000b64     system.obj (.text)
                  00003860    00000aec     adc.obj (.text)
                  0000434c    00000a54     sys_vim.obj (.text)
                  00004da0    00000a4e     rtsv7R4_T_be_v3D16_eabi.lib : _printfi.c.obj (.text:__TI_printfi)
                  000057ee    00000002                                 : div0.asm.obj (.text)
                  000057f0    000008b4     pinmux.obj (.text)
                  000060a4    000007a8     sci.obj (.text)
                  0000684c    00000664     errata_SSWF021_45.obj (.text)
                  00006eb0    00000638     rti.obj (.text)
                  000074e8    000005bc     esm.obj (.text)
                  00007aa4    00000484     gio.obj (.text)
                  00007f28    00000388     io_driver.obj (.text)
                  000082b0    0000034c     sys_core.obj (.text)
                  000085fc    000002cc     sys_vim.obj (.text:retain)
                  000088c8    000002b4     rtsv7R4_T_be_v3D16_eabi.lib : ull_div32.asm.obj (.text)
                  00008b7c    00000288     sys_startup.obj (.text:retain)
                  00008e04    00000248     rtsv7R4_T_be_v3D16_eabi.lib : _printfi.c.obj (.text:_pconv_a)
                  0000904c    00000204     sci.obj (.text:retain)
                  00009250    000001c0     sys_main.obj (.text)
                  00009410    000001a0     rtsv7R4_T_be_v3D16_eabi.lib : _printfi.c.obj (.text:_pconv_g)
                  000095b0    00000124     rti.obj (.text:retain)
                  000096d4    00000114     esm.obj (.text:retain)
                  000097e8    00000104     rtsv7R4_T_be_v3D16_eabi.lib : _printfi.c.obj (.text:_pconv_e)
                  000098ec    000000fc                                 : _printfi.c.obj (.text:fcvt)
                  000099e8    000000f0                                 : s_scalbn.c.obj (.text:scalbn)
                  00009ad8    000000e8     dabort.obj (.text)
                  00009bc0    000000e0     rtsv7R4_T_be_v3D16_eabi.lib : s_floor.c.obj (.text:floor)
                  00009ca0    000000e0     sys_pmu.obj (.text)
                  00009d80    000000b8     notification.obj (.text)
                  00009e38    000000ad     rtsv7R4_T_be_v3D16_eabi.lib : _printfi.c.obj (.text:_ltostr)
                  00009ee5    00000003     --HOLE-- [fill = 0]
                  00009ee8    000000a4     adc.obj (.text:retain)
                  00009f8c    0000009c     rtsv7R4_T_be_v3D16_eabi.lib : memcpy_t2.asm.obj (.text)
                  0000a028    0000007a                                 : _printfi.c.obj (.text:_mcpy)
                  0000a0a2    0000007a                                 : memset_t2.asm.obj (.text)
                  0000a11c    00000074                                 : s_frexp.c.obj (.text:frexp)
                  0000a190    0000006c                                 : copy_decompress_lzss.c.obj (.text:decompress:lzss:__TI_decompress_lzss)
                  0000a1fc    00000054                                 : _ltoa.c.obj (.text:__TI_ltoa)
                  0000a250    00000054                                 : _printfi.c.obj (.text:_ecpy)
                  0000a2a4    00000050                                 : _printfi.c.obj (.text:_pconv_f)
                  0000a2f4    00000050                                 : atoi.c.obj (.text:atoi)
                  0000a344    00000044                                 : autoinit.c.obj (.text:__TI_auto_init_nobinit_nopinit:__TI_auto_init_nobinit_nopinit)
                  0000a388    00000040                                 : _printfi.c.obj (.text:_fcpy)
                  0000a3c8    00000040                                 : sprintf.c.obj (.text:sprintf)
                  0000a408    00000026                                 : memccpy.c.obj (.text:memccpy)
                  0000a42e    0000001e                                 : s_copysign.c.obj (.text:copysign)
                  0000a44c    0000001c                                 : copy_zero_init.c.obj (.text:decompress:ZI:__TI_zero_init_nomemset:__TI_zero_init_nomemset)
                  0000a468    0000001a                                 : sprintf.c.obj (.text:_outs)
                  0000a482    00000016                                 : strchr.c.obj (.text:strchr)
                  0000a498    00000016                                 : strlen.c.obj (.text:strlen)
                  0000a4ae    00000012                                 : wcslen.c.obj (.text:wcslen)
                  0000a4c0    0000000e                                 : copy_decompress_none.c.obj (.text:decompress:none:__TI_decompress_none)
                  0000a4ce    0000000a                                 : sprintf.c.obj (.text:_outc)
                  0000a4d8    00000008                                 : errno.c.obj (.text:__aeabi_errno_addr)
                  0000a4e0    00000004                                 : exit.c.obj (.text:abort:abort)
                  0000a4e4    00000004     sys_phantom.obj (.text:retain)
                  0000a4e8    00000004     sys_startup.obj (.text)

.const     0    0000a4ec    00000334     
                  0000a4ec    00000200     sys_vim.obj (.const:s_vim_init)
                  0000a6ec    00000101     rtsv7R4_T_be_v3D16_eabi.lib : ctype.c.obj (.const:.string:_ctypes_)
                  0000a7ed    00000003     --HOLE-- [fill = 0]
                  0000a7f0    00000018     adc.obj (.const:s_adcFiFoSize)
                  0000a808    00000018     adc.obj (.const:s_adcSelect)

.cinit     0    0000a820    00000030     
                  0000a820    0000000c     (__TI_handler_table)
                  0000a82c    00000004     --HOLE-- [fill = 0]
                  0000a830    00000008     (.cinit..bss.load) [load image, compression = zero_init]
                  0000a838    00000007     (.cinit..data.load) [load image, compression = lzss]
                  0000a83f    00000001     --HOLE-- [fill = 0]
                  0000a840    00000010     (__TI_cinit_table)

.bss       0    08001500    00000028     UNINITIALIZED
                  08001500    00000028     sci.obj (.bss:g_sciTransfer_t)

.data      0    08001528    00000005     UNINITIALIZED
                  08001528    00000004     rtsv7R4_T_be_v3D16_eabi.lib : errno.c.obj (.data)
                  0800152c    00000001     sys_main.obj (.data)

__llvm_prf_cnts 
*          0    08001500    00000000     UNINITIALIZED

MODULE SUMMARY

       Module                       code    ro data   rw data
       ------                       ----    -------   -------
    .\source\
       sys_selftest.obj             11484   0         0      
       sys_vim.obj                  3360    512       0      
       adc.obj                      2960    48        0      
       system.obj                   2916    0         0      
       sci.obj                      2476    0         40     
       pinmux.obj                   2228    0         0      
       rti.obj                      1884    0         0      
       esm.obj                      1744    0         0      
       errata_SSWF021_45.obj        1636    0         0      
       gio.obj                      1156    0         0      
       io_driver.obj                904     0         0      
       sys_core.obj                 844     0         0      
       sys_startup.obj              652     0         0      
       sys_main.obj                 448     0         1      
       dabort.obj                   232     0         0      
       sys_pmu.obj                  224     0         0      
       notification.obj             184     0         0      
       sys_intvecs.obj              32      0         0      
       sys_phantom.obj              4       0         0      
    +--+----------------------------+-------+---------+---------+
       Total:                       35368   560       41     
                                                             
    C:/ti/ccs1281/ccs/tools/compiler/ti-cgt-arm_20.2.7.LTS/lib/rtsv7R4_T_be_v3D16_eabi.lib
       _printfi.c.obj               4673    0         0      
       ull_div32.asm.obj            692     0         0      
       ctype.c.obj                  0       257       0      
       s_scalbn.c.obj               240     0         0      
       s_floor.c.obj                224     0         0      
       memcpy_t2.asm.obj            156     0         0      
       memset_t2.asm.obj            122     0         0      
       s_frexp.c.obj                116     0         0      
       copy_decompress_lzss.c.obj   108     0         0      
       sprintf.c.obj                100     0         0      
       _ltoa.c.obj                  84      0         0      
       atoi.c.obj                   80      0         0      
       autoinit.c.obj               68      0         0      
       memccpy.c.obj                38      0         0      
       s_copysign.c.obj             30      0         0      
       copy_zero_init.c.obj         28      0         0      
       strchr.c.obj                 22      0         0      
       strlen.c.obj                 22      0         0      
       wcslen.c.obj                 18      0         0      
       copy_decompress_none.c.obj   14      0         0      
       errno.c.obj                  8       0         4      
       exit.c.obj                   4       0         0      
       div0.asm.obj                 2       0         0      
    +--+----------------------------+-------+---------+---------+
       Total:                       6849    257       4      
                                                             
       Linker Generated:            0       43        0      
    +--+----------------------------+-------+---------+---------+
       Grand Total:                 42217   860       45     


LINKER GENERATED COPY TABLES

__TI_cinit_table @ 0000a840 records: 2, size/record: 8, table size: 16
	.bss: load addr=0000a830, load size=00000008 bytes, run addr=08001500, run size=00000028 bytes, compression=zero_init
	.data: load addr=0000a838, load size=00000007 bytes, run addr=08001528, run size=00000005 bytes, compression=lzss


LINKER GENERATED HANDLER TABLE

__TI_handler_table @ 0000a820 records: 3, size/record: 4, table size: 12
	index: 0, handler: __TI_zero_init
	index: 1, handler: __TI_decompress_lzss
	index: 2, handler: __TI_decompress_none


GLOBAL SYMBOLS: SORTED ALPHABETICALLY BY Name 

address   name                                
-------   ----                                
0000a4e1  C$$EXIT                             
0000721c  IsdwdKeySequenceCorrect             
UNDEFED   SHT$$INIT_ARRAY$$Base               
UNDEFED   SHT$$INIT_ARRAY$$Limit              
0000a840  __TI_CINIT_Base                     
0000a850  __TI_CINIT_Limit                    
0000a820  __TI_Handler_Table_Base             
0000a82c  __TI_Handler_Table_Limit            
000085f4  __TI_PINIT_Base                     
000085f8  __TI_PINIT_Limit                    
0000a345  __TI_auto_init_nobinit_nopinit      
0000a191  __TI_decompress_lzss                
0000a4c1  __TI_decompress_none                
0000a1fd  __TI_ltoa                           
ffffffff  __TI_pprof_out_hndl                 
00004da1  __TI_printfi                        
ffffffff  __TI_prof_data_size                 
ffffffff  __TI_prof_data_start                
00000000  __TI_static_base__                  
0000a44d  __TI_zero_init_nomemset             
0000a4d9  __aeabi_errno_addr                  
000057ef  __aeabi_idiv0                       
000057ef  __aeabi_ldiv0                       
0000a0a3  __aeabi_memclr                      
0000a0a3  __aeabi_memclr4                     
0000a0a3  __aeabi_memclr8                     
00009f8d  __aeabi_memcpy                      
00009f8d  __aeabi_memcpy4                     
00009f8d  __aeabi_memcpy8                     
0000a0a5  __aeabi_memset                      
0000a0a5  __aeabi_memset4                     
0000a0a5  __aeabi_memset8                     
000088c8  __aeabi_uldivmod                    
ffffffff  __binit__                           
ffffffff  __c_args__                          
08001500  __start___llvm_prf_cnts             
08001500  __stop___llvm_prf_cnts              
00008b7c  _c_int00                            
0000850c  _coreClearAuxiliaryDataFault_       
00008520  _coreClearAuxiliaryInstructionFault_
000084e4  _coreClearDataFaultAddress_         
000084bc  _coreClearDataFault_                
000084f8  _coreClearInstructionFaultAddress_  
000084d0  _coreClearInstructionFault_         
00008450  _coreDisableEventBusExport_         
00008494  _coreDisableFlashEcc_               
00008470  _coreDisableRamEcc_                 
00008440  _coreEnableEventBusExport_          
00008480  _coreEnableFlashEcc_                
000084a4  _coreEnableIrqVicOffset_            
00008460  _coreEnableRamEcc_                  
00008428  _coreEnableVfp_                     
00008504  _coreGetAuxiliaryDataFault_         
00008518  _coreGetAuxiliaryInstructionFault_  
000084dc  _coreGetDataFaultAddress_           
000084b4  _coreGetDataFault_                  
000084f0  _coreGetInstructionFaultAddress_    
000084c8  _coreGetInstructionFault_           
000082b0  _coreInitRegisters_                 
000083bc  _coreInitStackPointer_              
0000a6ec  _ctypes_                            
00009ad8  _dabort                             
00008534  _disable_FIQ_interrupt_             
0000853c  _disable_IRQ_interrupt_             
0000852c  _disable_interrupt_                 
00008544  _enable_interrupt_                  
000085d4  _errata_CORTEXR4_57_                
000085e4  _errata_CORTEXR4_66_                
0000684c  _errata_SSWF021_45_both_plls        
00006a40  _errata_SSWF021_45_pll1             
00006bb8  _errata_SSWF021_45_pll2             
0000854c  _esmCcmErrorsClear_                 
00008408  _getCPSRValue_                      
00008410  _gotoCPUIdle_                       
00009cfc  _pmuDisableCountersGlobal_          
00009cec  _pmuEnableCountersGlobal_           
00009d58  _pmuGetCycleCount_                  
00009d60  _pmuGetEventCount_                  
00009d6c  _pmuGetOverflow_                    
00009ca0  _pmuInit_                           
00009d2c  _pmuResetCounters_                  
00009d0c  _pmuResetCycleCounter_              
00009d1c  _pmuResetEventCounters_             
00009d4c  _pmuSetCountEvent_                  
00009d3c  _pmuStartCounters_                  
00009d44  _pmuStopCounters_                   
UNDEFED   _system_post_cinit                  
0000a4e1  abort                               
000040dc  adc1GetConfigValue                  
00009ee8  adc1Group0Interrupt                 
00009f34  adc1Group1Interrupt                 
0000126c  adc1ParityCheck                     
00001358  adc2ParityCheck                     
00003cb8  adcCalibration                      
0000407c  adcDisableNotification              
0000402c  adcEnableNotification               
00003a90  adcGetData                          
000040c4  adcGetEVTPin                        
00003860  adcInit                             
00003c88  adcIsConversionComplete             
00003c58  adcIsFifoFull                       
00003e90  adcMidPointCalibration              
00009368  adcNotification                     
00003a68  adcResetFiFo                        
000040a4  adcSetEVTPin                        
000039bc  adcStartConversion                  
00003a40  adcStopConversion                   
0000a2f5  atoi                                
ffffffff  binit                               
00001410  can1ParityCheck                     
000014e8  can2ParityCheck                     
000015b0  can3ParityCheck                     
00000030  ccmSelfCheck                        
000026fc  ccmr4GetConfigValue                 
00000938  checkB0RAMECC                       
00000b28  checkB1RAMECC                       
00001c18  checkClockMonitor                   
00000d18  checkFlashECC                       
00001cf4  checkFlashEEPROMECC                 
00001e8c  checkPLL1Slip                       
00001f8c  checkPLL2Slip                       
00002050  checkRAMAddrParity                  
000019d0  checkRAMECC                         
0000215c  checkRAMUERRTest                    
000007bc  checkefcSelfTest                    
0000a42f  copysign                            
0000a42f  copysignl                           
00000234  cpuSelfTest                         
00000dfc  cpuSelfTestFail                     
00003784  customTrimLPO                       
00000df4  custom_dabort                       
00002b58  disableParity                       
00009e24  dmaGroupANotification               
00000eac  dmaParityCheck                      
00007284  dwdClearFlag                        
000071b8  dwdCounterEnable                    
00007200  dwdGenerateSysReset                 
00007250  dwdGetStatus                        
00007294  dwdGetViolationStatus               
0000713c  dwdInit                             
000071e4  dwdReset                            
000071c8  dwdSetPreload                       
000071ac  dwwdGetCurrentDownCounter           
00007164  dwwdInit                            
00007f28  ecu_io_init                         
00007fc0  ecu_io_read_input                   
00008204  ecu_io_toggle_output                
00008114  ecu_io_write_output                 
00000660  efcCheck                            
00002660  efcGetConfigValue                   
00000794  efcSelfTest                         
000006e8  efcStuckZeroTest                    
00002ad0  enableParity                        
0000276c  errata_PBIST_4                      
08001528  errno                               
0000766c  esmActivateNormalOperation          
00007740  esmClearStatus                      
00007780  esmClearStatusBuffer                
00007634  esmDisableError                     
000076a4  esmDisableInterrupt                 
0000760c  esmEnableError                      
0000767c  esmEnableInterrupt                  
00007878  esmEnterSelfTest                    
000075f0  esmError                            
00007950  esmGetConfigValue                   
000077bc  esmGetStatus                        
00007840  esmGetStatusBuffer                  
00009d80  esmGroup1Notification               
00009d90  esmGroup2Notification               
000096d4  esmHighInterrupt                    
000074e8  esmInit                             
00007900  esmSelfTestStatus                   
0000779c  esmSetCounterPreloadValue           
000076cc  esmSetInterruptLevel                
0000765c  esmTriggerErrorPinReset             
0800152c  flag                                
00009bc1  floor                               
00009bc1  floorl                              
000022c4  fmcBus1ParityCheck                  
0000085c  fmcBus2Check                        
00000898  fmcECCcheck                         
0000a11d  frexp                               
0000a11d  frexpl                              
00007d04  gioDisableNotification              
00007c9c  gioEnableNotification               
00007c04  gioGetBit                           
00007d6c  gioGetConfigValue                   
00007c2c  gioGetPort                          
00007aa4  gioInit                             
00009dfc  gioNotification                     
00007b94  gioSetBit                           
00007b74  gioSetDirection                     
00007be4  gioSetPort                          
00007c44  gioToggleBit                        
0000a4e8  handlePLLLockFail                   
00000f58  het1ParityCheck                     
000010c0  het2ParityCheck                     
00001004  htu1ParityCheck                     
000011bc  htu2ParityCheck                     
000099e9  ldexp                               
000099e9  ldexpl                              
00009250  main                                
00002e64  mapClocks                           
0000a409  memccpy                             
00009f8d  memcpy                              
00000174  memoryInit                          
00009da0  memoryPort0TestFailNotification     
00009dbc  memoryPort1TestFailNotification     
0000a0ab  memset                              
00001684  mibspi1ParityCheck                  
0000178c  mibspi3ParityCheck                  
000018b0  mibspi5ParityCheck                  
000057f0  muxInit                             
000023ec  pbistFail                           
00002470  pbistGetConfigValue                 
000005a8  pbistIsTestCompleted                
000005d4  pbistIsTestPassed                   
00000608  pbistPortTestStatus                 
000004ac  pbistRun                            
000002cc  pbistSelfCheck                      
00000578  pbistStop                           
00002e10  periphInit                          
0000a4e4  phantomInterrupt                    
00005c8c  pinmuxGetConfigValue                
00000000  resetEntry                          
000095b0  rtiCompare0Interrupt                
000095f8  rtiCompare1Interrupt                
00009640  rtiCompare2Interrupt                
00009688  rtiCompare3Interrupt                
00007344  rtiDisableNotification              
0000731c  rtiEnableNotification               
00007360  rtiGetConfigValue                   
000070b0  rtiGetCurrentTick                   
00007088  rtiGetPeriod                        
00006eb0  rtiInit                             
000093a0  rtiNotification                     
00006ffc  rtiResetCounter                     
00007060  rtiSetPeriod                        
00006fa4  rtiStartCounter                     
00006fd0  rtiStopCounter                      
000099e9  scalbn                              
000099e9  scalbnl                             
0000656c  sciDisableLoopback                  
000065f8  sciDisableNotification              
00006538  sciEnableLoopback                   
00006590  sciEnableNotification               
00006660  sciEnterResetState                  
00006680  sciExitResetState                   
000066a0  sciGetConfigValue                   
0000904c  sciHighLevelInterrupt               
000060a4  sciInit                             
000063e8  sciIsIdleDetected                   
000063cc  sciIsRxReady                        
0000624c  sciIsTxReady                        
00009e10  sciNotification                     
00006460  sciReceive                          
00006434  sciReceiveByte                      
00006404  sciRxError                          
00006298  sciSend                             
00006268  sciSendByte                         
000061b0  sciSetBaudrate                      
00006190  sciSetFunctional                    
00000020  selftestFailNotification            
00002dd0  setupFlash                          
00002cfc  setupPLL                            
0000a3c9  sprintf                             
00003648  sramGetConfigValue                  
000025bc  stcGetConfigValue                   
000001b8  stcSelfCheck                        
00000df8  stcSelfCheckFail                    
0000a483  strchr                              
0000a499  strlen                              
00003088  systemGetConfigValue                
00002f8c  systemInit                          
00003058  systemPowerDown                     
0000349c  tcmflashGetConfigValue              
00002d5c  trimLPO                             
00004420  vimChannelMap                       
0000468c  vimDisableInterrupt                 
000044c4  vimEnableInterrupt                  
00004738  vimGetConfigValue                   
0000434c  vimInit                             
00000e00  vimParityCheck                      
000085fc  vimParityErrorHandler               
0000a4af  wcslen                              


GLOBAL SYMBOLS: SORTED BY Symbol Address 

address   name                                
-------   ----                                
00000000  __TI_static_base__                  
00000000  resetEntry                          
00000020  selftestFailNotification            
00000030  ccmSelfCheck                        
00000174  memoryInit                          
000001b8  stcSelfCheck                        
00000234  cpuSelfTest                         
000002cc  pbistSelfCheck                      
000004ac  pbistRun                            
00000578  pbistStop                           
000005a8  pbistIsTestCompleted                
000005d4  pbistIsTestPassed                   
00000608  pbistPortTestStatus                 
00000660  efcCheck                            
000006e8  efcStuckZeroTest                    
00000794  efcSelfTest                         
000007bc  checkefcSelfTest                    
0000085c  fmcBus2Check                        
00000898  fmcECCcheck                         
00000938  checkB0RAMECC                       
00000b28  checkB1RAMECC                       
00000d18  checkFlashECC                       
00000df4  custom_dabort                       
00000df8  stcSelfCheckFail                    
00000dfc  cpuSelfTestFail                     
00000e00  vimParityCheck                      
00000eac  dmaParityCheck                      
00000f58  het1ParityCheck                     
00001004  htu1ParityCheck                     
000010c0  het2ParityCheck                     
000011bc  htu2ParityCheck                     
0000126c  adc1ParityCheck                     
00001358  adc2ParityCheck                     
00001410  can1ParityCheck                     
000014e8  can2ParityCheck                     
000015b0  can3ParityCheck                     
00001684  mibspi1ParityCheck                  
0000178c  mibspi3ParityCheck                  
000018b0  mibspi5ParityCheck                  
000019d0  checkRAMECC                         
00001c18  checkClockMonitor                   
00001cf4  checkFlashEEPROMECC                 
00001e8c  checkPLL1Slip                       
00001f8c  checkPLL2Slip                       
00002050  checkRAMAddrParity                  
0000215c  checkRAMUERRTest                    
000022c4  fmcBus1ParityCheck                  
000023ec  pbistFail                           
00002470  pbistGetConfigValue                 
000025bc  stcGetConfigValue                   
00002660  efcGetConfigValue                   
000026fc  ccmr4GetConfigValue                 
0000276c  errata_PBIST_4                      
00002ad0  enableParity                        
00002b58  disableParity                       
00002cfc  setupPLL                            
00002d5c  trimLPO                             
00002dd0  setupFlash                          
00002e10  periphInit                          
00002e64  mapClocks                           
00002f8c  systemInit                          
00003058  systemPowerDown                     
00003088  systemGetConfigValue                
0000349c  tcmflashGetConfigValue              
00003648  sramGetConfigValue                  
00003784  customTrimLPO                       
00003860  adcInit                             
000039bc  adcStartConversion                  
00003a40  adcStopConversion                   
00003a68  adcResetFiFo                        
00003a90  adcGetData                          
00003c58  adcIsFifoFull                       
00003c88  adcIsConversionComplete             
00003cb8  adcCalibration                      
00003e90  adcMidPointCalibration              
0000402c  adcEnableNotification               
0000407c  adcDisableNotification              
000040a4  adcSetEVTPin                        
000040c4  adcGetEVTPin                        
000040dc  adc1GetConfigValue                  
0000434c  vimInit                             
00004420  vimChannelMap                       
000044c4  vimEnableInterrupt                  
0000468c  vimDisableInterrupt                 
00004738  vimGetConfigValue                   
00004da1  __TI_printfi                        
000057ef  __aeabi_idiv0                       
000057ef  __aeabi_ldiv0                       
000057f0  muxInit                             
00005c8c  pinmuxGetConfigValue                
000060a4  sciInit                             
00006190  sciSetFunctional                    
000061b0  sciSetBaudrate                      
0000624c  sciIsTxReady                        
00006268  sciSendByte                         
00006298  sciSend                             
000063cc  sciIsRxReady                        
000063e8  sciIsIdleDetected                   
00006404  sciRxError                          
00006434  sciReceiveByte                      
00006460  sciReceive                          
00006538  sciEnableLoopback                   
0000656c  sciDisableLoopback                  
00006590  sciEnableNotification               
000065f8  sciDisableNotification              
00006660  sciEnterResetState                  
00006680  sciExitResetState                   
000066a0  sciGetConfigValue                   
0000684c  _errata_SSWF021_45_both_plls        
00006a40  _errata_SSWF021_45_pll1             
00006bb8  _errata_SSWF021_45_pll2             
00006eb0  rtiInit                             
00006fa4  rtiStartCounter                     
00006fd0  rtiStopCounter                      
00006ffc  rtiResetCounter                     
00007060  rtiSetPeriod                        
00007088  rtiGetPeriod                        
000070b0  rtiGetCurrentTick                   
0000713c  dwdInit                             
00007164  dwwdInit                            
000071ac  dwwdGetCurrentDownCounter           
000071b8  dwdCounterEnable                    
000071c8  dwdSetPreload                       
000071e4  dwdReset                            
00007200  dwdGenerateSysReset                 
0000721c  IsdwdKeySequenceCorrect             
00007250  dwdGetStatus                        
00007284  dwdClearFlag                        
00007294  dwdGetViolationStatus               
0000731c  rtiEnableNotification               
00007344  rtiDisableNotification              
00007360  rtiGetConfigValue                   
000074e8  esmInit                             
000075f0  esmError                            
0000760c  esmEnableError                      
00007634  esmDisableError                     
0000765c  esmTriggerErrorPinReset             
0000766c  esmActivateNormalOperation          
0000767c  esmEnableInterrupt                  
000076a4  esmDisableInterrupt                 
000076cc  esmSetInterruptLevel                
00007740  esmClearStatus                      
00007780  esmClearStatusBuffer                
0000779c  esmSetCounterPreloadValue           
000077bc  esmGetStatus                        
00007840  esmGetStatusBuffer                  
00007878  esmEnterSelfTest                    
00007900  esmSelfTestStatus                   
00007950  esmGetConfigValue                   
00007aa4  gioInit                             
00007b74  gioSetDirection                     
00007b94  gioSetBit                           
00007be4  gioSetPort                          
00007c04  gioGetBit                           
00007c2c  gioGetPort                          
00007c44  gioToggleBit                        
00007c9c  gioEnableNotification               
00007d04  gioDisableNotification              
00007d6c  gioGetConfigValue                   
00007f28  ecu_io_init                         
00007fc0  ecu_io_read_input                   
00008114  ecu_io_write_output                 
00008204  ecu_io_toggle_output                
000082b0  _coreInitRegisters_                 
000083bc  _coreInitStackPointer_              
00008408  _getCPSRValue_                      
00008410  _gotoCPUIdle_                       
00008428  _coreEnableVfp_                     
00008440  _coreEnableEventBusExport_          
00008450  _coreDisableEventBusExport_         
00008460  _coreEnableRamEcc_                  
00008470  _coreDisableRamEcc_                 
00008480  _coreEnableFlashEcc_                
00008494  _coreDisableFlashEcc_               
000084a4  _coreEnableIrqVicOffset_            
000084b4  _coreGetDataFault_                  
000084bc  _coreClearDataFault_                
000084c8  _coreGetInstructionFault_           
000084d0  _coreClearInstructionFault_         
000084dc  _coreGetDataFaultAddress_           
000084e4  _coreClearDataFaultAddress_         
000084f0  _coreGetInstructionFaultAddress_    
000084f8  _coreClearInstructionFaultAddress_  
00008504  _coreGetAuxiliaryDataFault_         
0000850c  _coreClearAuxiliaryDataFault_       
00008518  _coreGetAuxiliaryInstructionFault_  
00008520  _coreClearAuxiliaryInstructionFault_
0000852c  _disable_interrupt_                 
00008534  _disable_FIQ_interrupt_             
0000853c  _disable_IRQ_interrupt_             
00008544  _enable_interrupt_                  
0000854c  _esmCcmErrorsClear_                 
000085d4  _errata_CORTEXR4_57_                
000085e4  _errata_CORTEXR4_66_                
000085f4  __TI_PINIT_Base                     
000085f8  __TI_PINIT_Limit                    
000085fc  vimParityErrorHandler               
000088c8  __aeabi_uldivmod                    
00008b7c  _c_int00                            
0000904c  sciHighLevelInterrupt               
00009250  main                                
00009368  adcNotification                     
000093a0  rtiNotification                     
000095b0  rtiCompare0Interrupt                
000095f8  rtiCompare1Interrupt                
00009640  rtiCompare2Interrupt                
00009688  rtiCompare3Interrupt                
000096d4  esmHighInterrupt                    
000099e9  ldexp                               
000099e9  ldexpl                              
000099e9  scalbn                              
000099e9  scalbnl                             
00009ad8  _dabort                             
00009bc1  floor                               
00009bc1  floorl                              
00009ca0  _pmuInit_                           
00009cec  _pmuEnableCountersGlobal_           
00009cfc  _pmuDisableCountersGlobal_          
00009d0c  _pmuResetCycleCounter_              
00009d1c  _pmuResetEventCounters_             
00009d2c  _pmuResetCounters_                  
00009d3c  _pmuStartCounters_                  
00009d44  _pmuStopCounters_                   
00009d4c  _pmuSetCountEvent_                  
00009d58  _pmuGetCycleCount_                  
00009d60  _pmuGetEventCount_                  
00009d6c  _pmuGetOverflow_                    
00009d80  esmGroup1Notification               
00009d90  esmGroup2Notification               
00009da0  memoryPort0TestFailNotification     
00009dbc  memoryPort1TestFailNotification     
00009dfc  gioNotification                     
00009e10  sciNotification                     
00009e24  dmaGroupANotification               
00009ee8  adc1Group0Interrupt                 
00009f34  adc1Group1Interrupt                 
00009f8d  __aeabi_memcpy                      
00009f8d  __aeabi_memcpy4                     
00009f8d  __aeabi_memcpy8                     
00009f8d  memcpy                              
0000a0a3  __aeabi_memclr                      
0000a0a3  __aeabi_memclr4                     
0000a0a3  __aeabi_memclr8                     
0000a0a5  __aeabi_memset                      
0000a0a5  __aeabi_memset4                     
0000a0a5  __aeabi_memset8                     
0000a0ab  memset                              
0000a11d  frexp                               
0000a11d  frexpl                              
0000a191  __TI_decompress_lzss                
0000a1fd  __TI_ltoa                           
0000a2f5  atoi                                
0000a345  __TI_auto_init_nobinit_nopinit      
0000a3c9  sprintf                             
0000a409  memccpy                             
0000a42f  copysign                            
0000a42f  copysignl                           
0000a44d  __TI_zero_init_nomemset             
0000a483  strchr                              
0000a499  strlen                              
0000a4af  wcslen                              
0000a4c1  __TI_decompress_none                
0000a4d9  __aeabi_errno_addr                  
0000a4e1  C$$EXIT                             
0000a4e1  abort                               
0000a4e4  phantomInterrupt                    
0000a4e8  handlePLLLockFail                   
0000a6ec  _ctypes_                            
0000a820  __TI_Handler_Table_Base             
0000a82c  __TI_Handler_Table_Limit            
0000a840  __TI_CINIT_Base                     
0000a850  __TI_CINIT_Limit                    
08001500  __start___llvm_prf_cnts             
08001500  __stop___llvm_prf_cnts              
08001528  errno                               
0800152c  flag                                
ffffffff  __TI_pprof_out_hndl                 
ffffffff  __TI_prof_data_size                 
ffffffff  __TI_prof_data_start                
ffffffff  __binit__                           
ffffffff  __c_args__                          
ffffffff  binit                               
UNDEFED   SHT$$INIT_ARRAY$$Base               
UNDEFED   SHT$$INIT_ARRAY$$Limit              
UNDEFED   _system_post_cinit                  

[285 symbols]
